[     241ms] [ERROR] Failed to load resource: the server responded with a status of 404 (Not Found) @ http://localhost:5173/favicon.ico:0
[  114542ms] [ERROR] You are calling ReactDOMClient.createRoot() on a container that has already been passed to createRoot() before. Instead, call root.render() on the existing root instead if you want to update it. @ http://localhost:5173/@vite/client:509
[  114593ms] NotFoundError: Failed to execute 'removeChild' on 'Node': The node to be removed is not a child of this node.
    at removeChildFromContainer (http://localhost:5173/@fs/Users/adamtimberlake/Webroot/ReactWayfinder/node_modules/.vite/deps/client-DN9gUMy_.js?v=4aff142b:10587:123)
    at runWithFiberInDEV (http://localhost:5173/@fs/Users/adamtimberlake/Webroot/ReactWayfinder/node_modules/.vite/deps/client-DN9gUMy_.js?v=4aff142b:850:66)
    at commitDeletionEffectsOnFiber (http://localhost:5173/@fs/Users/adamtimberlake/Webroot/ReactWayfinder/node_modules/.vite/deps/client-DN9gUMy_.js?v=4aff142b:7105:7)
    at recursivelyTraverseDeletionEffects (http://localhost:5173/@fs/Users/adamtimberlake/Webroot/ReactWayfinder/node_modules/.vite/deps/client-DN9gUMy_.js?v=4aff142b:7072:50)
    at commitDeletionEffectsOnFiber (http://localhost:5173/@fs/Users/adamtimberlake/Webroot/ReactWayfinder/node_modules/.vite/deps/client-DN9gUMy_.js?v=4aff142b:7133:6)
    at recursivelyTraverseDeletionEffects (http://localhost:5173/@fs/Users/adamtimberlake/Webroot/ReactWayfinder/node_modules/.vite/deps/client-DN9gUMy_.js?v=4aff142b:7072:50)
    at commitDeletionEffectsOnFiber (http://localhost:5173/@fs/Users/adamtimberlake/Webroot/ReactWayfinder/node_modules/.vite/deps/client-DN9gUMy_.js?v=4aff142b:7133:6)
    at recursivelyTraverseDeletionEffects (http://localhost:5173/@fs/Users/adamtimberlake/Webroot/ReactWayfinder/node_modules/.vite/deps/client-DN9gUMy_.js?v=4aff142b:7072:50)
    at commitDeletionEffectsOnFiber (http://localhost:5173/@fs/Users/adamtimberlake/Webroot/ReactWayfinder/node_modules/.vite/deps/client-DN9gUMy_.js?v=4aff142b:7147:14)
    at recursivelyTraverseDeletionEffects (http://localhost:5173/@fs/Users/adamtimberlake/Webroot/ReactWayfinder/node_modules/.vite/deps/client-DN9gUMy_.js?v=4aff142b:7072:50)
[  114575ms] [WARNING] %s

%s
 An error occurred in the <div> component. Consider adding an error boundary to your tree to customize error handling behavior.
Visit https://react.dev/link/error-boundaries to learn more about error boundaries. @ http://localhost:5173/@vite/client:509
[  114594ms] NotFoundError: Failed to execute 'removeChild' on 'Node': The node to be removed is not a child of this node.
    at removeChildFromContainer (http://localhost:5173/@fs/Users/adamtimberlake/Webroot/ReactWayfinder/node_modules/.vite/deps/client-DN9gUMy_.js?v=4aff142b:10587:123)
    at runWithFiberInDEV (http://localhost:5173/@fs/Users/adamtimberlake/Webroot/ReactWayfinder/node_modules/.vite/deps/client-DN9gUMy_.js?v=4aff142b:850:66)
    at commitDeletionEffectsOnFiber (http://localhost:5173/@fs/Users/adamtimberlake/Webroot/ReactWayfinder/node_modules/.vite/deps/client-DN9gUMy_.js?v=4aff142b:7105:7)
    at recursivelyTraverseDeletionEffects (http://localhost:5173/@fs/Users/adamtimberlake/Webroot/ReactWayfinder/node_modules/.vite/deps/client-DN9gUMy_.js?v=4aff142b:7072:50)
    at commitDeletionEffectsOnFiber (http://localhost:5173/@fs/Users/adamtimberlake/Webroot/ReactWayfinder/node_modules/.vite/deps/client-DN9gUMy_.js?v=4aff142b:7133:6)
    at recursivelyTraverseDeletionEffects (http://localhost:5173/@fs/Users/adamtimberlake/Webroot/ReactWayfinder/node_modules/.vite/deps/client-DN9gUMy_.js?v=4aff142b:7072:50)
    at commitDeletionEffectsOnFiber (http://localhost:5173/@fs/Users/adamtimberlake/Webroot/ReactWayfinder/node_modules/.vite/deps/client-DN9gUMy_.js?v=4aff142b:7133:6)
    at recursivelyTraverseDeletionEffects (http://localhost:5173/@fs/Users/adamtimberlake/Webroot/ReactWayfinder/node_modules/.vite/deps/client-DN9gUMy_.js?v=4aff142b:7072:50)
    at commitDeletionEffectsOnFiber (http://localhost:5173/@fs/Users/adamtimberlake/Webroot/ReactWayfinder/node_modules/.vite/deps/client-DN9gUMy_.js?v=4aff142b:7147:14)
    at recursivelyTraverseDeletionEffects (http://localhost:5173/@fs/Users/adamtimberlake/Webroot/ReactWayfinder/node_modules/.vite/deps/client-DN9gUMy_.js?v=4aff142b:7072:50)
[  114576ms] [WARNING] %s

%s
 An error occurred in the <a> component. Consider adding an error boundary to your tree to customize error handling behavior.
Visit https://react.dev/link/error-boundaries to learn more about error boundaries. @ http://localhost:5173/@vite/client:509
[  114597ms] NotFoundError: Failed to execute 'removeChild' on 'Node': The node to be removed is not a child of this node.
    at removeChildFromContainer (http://localhost:5173/@fs/Users/adamtimberlake/Webroot/ReactWayfinder/node_modules/.vite/deps/client-DN9gUMy_.js?v=4aff142b:10587:123)
    at runWithFiberInDEV (http://localhost:5173/@fs/Users/adamtimberlake/Webroot/ReactWayfinder/node_modules/.vite/deps/client-DN9gUMy_.js?v=4aff142b:850:66)
    at commitDeletionEffectsOnFiber (http://localhost:5173/@fs/Users/adamtimberlake/Webroot/ReactWayfinder/node_modules/.vite/deps/client-DN9gUMy_.js?v=4aff142b:7105:7)
    at recursivelyTraverseDeletionEffects (http://localhost:5173/@fs/Users/adamtimberlake/Webroot/ReactWayfinder/node_modules/.vite/deps/client-DN9gUMy_.js?v=4aff142b:7072:50)
    at commitDeletionEffectsOnFiber (http://localhost:5173/@fs/Users/adamtimberlake/Webroot/ReactWayfinder/node_modules/.vite/deps/client-DN9gUMy_.js?v=4aff142b:7133:6)
    at recursivelyTraverseDeletionEffects (http://localhost:5173/@fs/Users/adamtimberlake/Webroot/ReactWayfinder/node_modules/.vite/deps/client-DN9gUMy_.js?v=4aff142b:7072:50)
    at commitDeletionEffectsOnFiber (http://localhost:5173/@fs/Users/adamtimberlake/Webroot/ReactWayfinder/node_modules/.vite/deps/client-DN9gUMy_.js?v=4aff142b:7133:6)
    at recursivelyTraverseDeletionEffects (http://localhost:5173/@fs/Users/adamtimberlake/Webroot/ReactWayfinder/node_modules/.vite/deps/client-DN9gUMy_.js?v=4aff142b:7072:50)
    at commitDeletionEffectsOnFiber (http://localhost:5173/@fs/Users/adamtimberlake/Webroot/ReactWayfinder/node_modules/.vite/deps/client-DN9gUMy_.js?v=4aff142b:7133:6)
    at recursivelyTraverseDeletionEffects (http://localhost:5173/@fs/Users/adamtimberlake/Webroot/ReactWayfinder/node_modules/.vite/deps/client-DN9gUMy_.js?v=4aff142b:7072:50)
[  114576ms] [WARNING] %s

%s
 An error occurred in the <nav> component. Consider adding an error boundary to your tree to customize error handling behavior.
Visit https://react.dev/link/error-boundaries to learn more about error boundaries. @ http://localhost:5173/@vite/client:509
[  114598ms] NotFoundError: Failed to execute 'removeChild' on 'Node': The node to be removed is not a child of this node.
    at removeChildFromContainer (http://localhost:5173/@fs/Users/adamtimberlake/Webroot/ReactWayfinder/node_modules/.vite/deps/client-DN9gUMy_.js?v=4aff142b:10587:123)
    at runWithFiberInDEV (http://localhost:5173/@fs/Users/adamtimberlake/Webroot/ReactWayfinder/node_modules/.vite/deps/client-DN9gUMy_.js?v=4aff142b:850:66)
    at commitDeletionEffectsOnFiber (http://localhost:5173/@fs/Users/adamtimberlake/Webroot/ReactWayfinder/node_modules/.vite/deps/client-DN9gUMy_.js?v=4aff142b:7105:7)
    at recursivelyTraverseDeletionEffects (http://localhost:5173/@fs/Users/adamtimberlake/Webroot/ReactWayfinder/node_modules/.vite/deps/client-DN9gUMy_.js?v=4aff142b:7072:50)
    at commitDeletionEffectsOnFiber (http://localhost:5173/@fs/Users/adamtimberlake/Webroot/ReactWayfinder/node_modules/.vite/deps/client-DN9gUMy_.js?v=4aff142b:7133:6)
    at recursivelyTraverseDeletionEffects (http://localhost:5173/@fs/Users/adamtimberlake/Webroot/ReactWayfinder/node_modules/.vite/deps/client-DN9gUMy_.js?v=4aff142b:7072:50)
    at commitDeletionEffectsOnFiber (http://localhost:5173/@fs/Users/adamtimberlake/Webroot/ReactWayfinder/node_modules/.vite/deps/client-DN9gUMy_.js?v=4aff142b:7133:6)
    at recursivelyTraverseDeletionEffects (http://localhost:5173/@fs/Users/adamtimberlake/Webroot/ReactWayfinder/node_modules/.vite/deps/client-DN9gUMy_.js?v=4aff142b:7072:50)
    at commitDeletionEffectsOnFiber (http://localhost:5173/@fs/Users/adamtimberlake/Webroot/ReactWayfinder/node_modules/.vite/deps/client-DN9gUMy_.js?v=4aff142b:7133:6)
    at recursivelyTraverseDeletionEffects (http://localhost:5173/@fs/Users/adamtimberlake/Webroot/ReactWayfinder/node_modules/.vite/deps/client-DN9gUMy_.js?v=4aff142b:7072:50)
[  114576ms] [WARNING] %s

%s
 An error occurred in the <div> component. Consider adding an error boundary to your tree to customize error handling behavior.
Visit https://react.dev/link/error-boundaries to learn more about error boundaries. @ http://localhost:5173/@vite/client:509
[  114598ms] NotFoundError: Failed to execute 'removeChild' on 'Node': The node to be removed is not a child of this node.
    at removeChildFromContainer (http://localhost:5173/@fs/Users/adamtimberlake/Webroot/ReactWayfinder/node_modules/.vite/deps/client-DN9gUMy_.js?v=4aff142b:10587:123)
    at runWithFiberInDEV (http://localhost:5173/@fs/Users/adamtimberlake/Webroot/ReactWayfinder/node_modules/.vite/deps/client-DN9gUMy_.js?v=4aff142b:850:66)
    at commitDeletionEffectsOnFiber (http://localhost:5173/@fs/Users/adamtimberlake/Webroot/ReactWayfinder/node_modules/.vite/deps/client-DN9gUMy_.js?v=4aff142b:7105:7)
    at recursivelyTraverseDeletionEffects (http://localhost:5173/@fs/Users/adamtimberlake/Webroot/ReactWayfinder/node_modules/.vite/deps/client-DN9gUMy_.js?v=4aff142b:7072:50)
    at commitDeletionEffectsOnFiber (http://localhost:5173/@fs/Users/adamtimberlake/Webroot/ReactWayfinder/node_modules/.vite/deps/client-DN9gUMy_.js?v=4aff142b:7133:6)
    at recursivelyTraverseDeletionEffects (http://localhost:5173/@fs/Users/adamtimberlake/Webroot/ReactWayfinder/node_modules/.vite/deps/client-DN9gUMy_.js?v=4aff142b:7072:50)
    at commitDeletionEffectsOnFiber (http://localhost:5173/@fs/Users/adamtimberlake/Webroot/ReactWayfinder/node_modules/.vite/deps/client-DN9gUMy_.js?v=4aff142b:7133:6)
    at recursivelyTraverseDeletionEffects (http://localhost:5173/@fs/Users/adamtimberlake/Webroot/ReactWayfinder/node_modules/.vite/deps/client-DN9gUMy_.js?v=4aff142b:7072:50)
    at commitDeletionEffectsOnFiber (http://localhost:5173/@fs/Users/adamtimberlake/Webroot/ReactWayfinder/node_modules/.vite/deps/client-DN9gUMy_.js?v=4aff142b:7144:6)
    at recursivelyTraverseDeletionEffects (http://localhost:5173/@fs/Users/adamtimberlake/Webroot/ReactWayfinder/node_modules/.vite/deps/client-DN9gUMy_.js?v=4aff142b:7072:50)
[  114576ms] [WARNING] %s

%s
 An error occurred in the <div> component. Consider adding an error boundary to your tree to customize error handling behavior.
Visit https://react.dev/link/error-boundaries to learn more about error boundaries. @ http://localhost:5173/@vite/client:509
[  114598ms] NotFoundError: Failed to execute 'removeChild' on 'Node': The node to be removed is not a child of this node.
    at removeChildFromContainer (http://localhost:5173/@fs/Users/adamtimberlake/Webroot/ReactWayfinder/node_modules/.vite/deps/client-DN9gUMy_.js?v=4aff142b:10587:123)
    at runWithFiberInDEV (http://localhost:5173/@fs/Users/adamtimberlake/Webroot/ReactWayfinder/node_modules/.vite/deps/client-DN9gUMy_.js?v=4aff142b:850:66)
    at commitDeletionEffectsOnFiber (http://localhost:5173/@fs/Users/adamtimberlake/Webroot/ReactWayfinder/node_modules/.vite/deps/client-DN9gUMy_.js?v=4aff142b:7105:7)
    at recursivelyTraverseDeletionEffects (http://localhost:5173/@fs/Users/adamtimberlake/Webroot/ReactWayfinder/node_modules/.vite/deps/client-DN9gUMy_.js?v=4aff142b:7072:50)
    at commitDeletionEffectsOnFiber (http://localhost:5173/@fs/Users/adamtimberlake/Webroot/ReactWayfinder/node_modules/.vite/deps/client-DN9gUMy_.js?v=4aff142b:7133:6)
    at recursivelyTraverseDeletionEffects (http://localhost:5173/@fs/Users/adamtimberlake/Webroot/ReactWayfinder/node_modules/.vite/deps/client-DN9gUMy_.js?v=4aff142b:7072:50)
    at commitDeletionEffectsOnFiber (http://localhost:5173/@fs/Users/adamtimberlake/Webroot/ReactWayfinder/node_modules/.vite/deps/client-DN9gUMy_.js?v=4aff142b:7133:6)
    at recursivelyTraverseDeletionEffects (http://localhost:5173/@fs/Users/adamtimberlake/Webroot/ReactWayfinder/node_modules/.vite/deps/client-DN9gUMy_.js?v=4aff142b:7072:50)
    at commitDeletionEffectsOnFiber (http://localhost:5173/@fs/Users/adamtimberlake/Webroot/ReactWayfinder/node_modules/.vite/deps/client-DN9gUMy_.js?v=4aff142b:7133:6)
    at recursivelyTraverseDeletionEffects (http://localhost:5173/@fs/Users/adamtimberlake/Webroot/ReactWayfinder/node_modules/.vite/deps/client-DN9gUMy_.js?v=4aff142b:7072:50)
[  114576ms] [WARNING] %s

%s
 An error occurred in the <nav> component. Consider adding an error boundary to your tree to customize error handling behavior.
Visit https://react.dev/link/error-boundaries to learn more about error boundaries. @ http://localhost:5173/@vite/client:509
[  114599ms] NotFoundError: Failed to execute 'removeChild' on 'Node': The node to be removed is not a child of this node.
    at removeChildFromContainer (http://localhost:5173/@fs/Users/adamtimberlake/Webroot/ReactWayfinder/node_modules/.vite/deps/client-DN9gUMy_.js?v=4aff142b:10587:123)
    at runWithFiberInDEV (http://localhost:5173/@fs/Users/adamtimberlake/Webroot/ReactWayfinder/node_modules/.vite/deps/client-DN9gUMy_.js?v=4aff142b:850:66)
    at commitDeletionEffectsOnFiber (http://localhost:5173/@fs/Users/adamtimberlake/Webroot/ReactWayfinder/node_modules/.vite/deps/client-DN9gUMy_.js?v=4aff142b:7105:7)
    at recursivelyTraverseDeletionEffects (http://localhost:5173/@fs/Users/adamtimberlake/Webroot/ReactWayfinder/node_modules/.vite/deps/client-DN9gUMy_.js?v=4aff142b:7072:50)
    at commitDeletionEffectsOnFiber (http://localhost:5173/@fs/Users/adamtimberlake/Webroot/ReactWayfinder/node_modules/.vite/deps/client-DN9gUMy_.js?v=4aff142b:7133:6)
    at recursivelyTraverseDeletionEffects (http://localhost:5173/@fs/Users/adamtimberlake/Webroot/ReactWayfinder/node_modules/.vite/deps/client-DN9gUMy_.js?v=4aff142b:7072:50)
    at commitDeletionEffectsOnFiber (http://localhost:5173/@fs/Users/adamtimberlake/Webroot/ReactWayfinder/node_modules/.vite/deps/client-DN9gUMy_.js?v=4aff142b:7133:6)
    at recursivelyTraverseDeletionEffects (http://localhost:5173/@fs/Users/adamtimberlake/Webroot/ReactWayfinder/node_modules/.vite/deps/client-DN9gUMy_.js?v=4aff142b:7072:50)
    at commitDeletionEffectsOnFiber (http://localhost:5173/@fs/Users/adamtimberlake/Webroot/ReactWayfinder/node_modules/.vite/deps/client-DN9gUMy_.js?v=4aff142b:7133:6)
    at recursivelyTraverseDeletionEffects (http://localhost:5173/@fs/Users/adamtimberlake/Webroot/ReactWayfinder/node_modules/.vite/deps/client-DN9gUMy_.js?v=4aff142b:7072:50)
[  114577ms] [WARNING] %s

%s
 An error occurred in the <div> component. Consider adding an error boundary to your tree to customize error handling behavior.
Visit https://react.dev/link/error-boundaries to learn more about error boundaries. @ http://localhost:5173/@vite/client:509
[  114601ms] NotFoundError: Failed to execute 'removeChild' on 'Node': The node to be removed is not a child of this node.
    at removeChildFromContainer (http://localhost:5173/@fs/Users/adamtimberlake/Webroot/ReactWayfinder/node_modules/.vite/deps/client-DN9gUMy_.js?v=4aff142b:10587:123)
    at runWithFiberInDEV (http://localhost:5173/@fs/Users/adamtimberlake/Webroot/ReactWayfinder/node_modules/.vite/deps/client-DN9gUMy_.js?v=4aff142b:850:66)
    at commitDeletionEffectsOnFiber (http://localhost:5173/@fs/Users/adamtimberlake/Webroot/ReactWayfinder/node_modules/.vite/deps/client-DN9gUMy_.js?v=4aff142b:7105:7)
    at recursivelyTraverseDeletionEffects (http://localhost:5173/@fs/Users/adamtimberlake/Webroot/ReactWayfinder/node_modules/.vite/deps/client-DN9gUMy_.js?v=4aff142b:7072:50)
    at commitDeletionEffectsOnFiber (http://localhost:5173/@fs/Users/adamtimberlake/Webroot/ReactWayfinder/node_modules/.vite/deps/client-DN9gUMy_.js?v=4aff142b:7133:6)
    at recursivelyTraverseDeletionEffects (http://localhost:5173/@fs/Users/adamtimberlake/Webroot/ReactWayfinder/node_modules/.vite/deps/client-DN9gUMy_.js?v=4aff142b:7072:50)
    at commitDeletionEffectsOnFiber (http://localhost:5173/@fs/Users/adamtimberlake/Webroot/ReactWayfinder/node_modules/.vite/deps/client-DN9gUMy_.js?v=4aff142b:7133:6)
    at recursivelyTraverseDeletionEffects (http://localhost:5173/@fs/Users/adamtimberlake/Webroot/ReactWayfinder/node_modules/.vite/deps/client-DN9gUMy_.js?v=4aff142b:7072:50)
    at commitDeletionEffectsOnFiber (http://localhost:5173/@fs/Users/adamtimberlake/Webroot/ReactWayfinder/node_modules/.vite/deps/client-DN9gUMy_.js?v=4aff142b:7133:6)
    at recursivelyTraverseDeletionEffects (http://localhost:5173/@fs/Users/adamtimberlake/Webroot/ReactWayfinder/node_modules/.vite/deps/client-DN9gUMy_.js?v=4aff142b:7072:50)
[  114577ms] [WARNING] %s

%s
 An error occurred in the <div> component. Consider adding an error boundary to your tree to customize error handling behavior.
Visit https://react.dev/link/error-boundaries to learn more about error boundaries. @ http://localhost:5173/@vite/client:509
