[   23229ms] [ERROR] You are calling ReactDOMClient.createRoot() on a container that has already been passed to createRoot() before. Instead, call root.render() on the existing root instead if you want to update it. @ http://localhost:5174/@vite/client:509
[   23289ms] NotFoundError: Failed to execute 'removeChild' on 'Node': The node to be removed is not a child of this node.
    at removeChildFromContainer (http://localhost:5174/@fs/Users/adamtimberlake/Webroot/ReactWayfinder/node_modules/.vite/deps/client-DN9gUMy_.js?v=29213dea:10587:123)
    at runWithFiberInDEV (http://localhost:5174/@fs/Users/adamtimberlake/Webroot/ReactWayfinder/node_modules/.vite/deps/client-DN9gUMy_.js?v=29213dea:850:66)
    at commitDeletionEffectsOnFiber (http://localhost:5174/@fs/Users/adamtimberlake/Webroot/ReactWayfinder/node_modules/.vite/deps/client-DN9gUMy_.js?v=29213dea:7105:7)
    at recursivelyTraverseDeletionEffects (http://localhost:5174/@fs/Users/adamtimberlake/Webroot/ReactWayfinder/node_modules/.vite/deps/client-DN9gUMy_.js?v=29213dea:7072:50)
    at commitDeletionEffectsOnFiber (http://localhost:5174/@fs/Users/adamtimberlake/Webroot/ReactWayfinder/node_modules/.vite/deps/client-DN9gUMy_.js?v=29213dea:7133:6)
    at recursivelyTraverseDeletionEffects (http://localhost:5174/@fs/Users/adamtimberlake/Webroot/ReactWayfinder/node_modules/.vite/deps/client-DN9gUMy_.js?v=29213dea:7072:50)
    at commitDeletionEffectsOnFiber (http://localhost:5174/@fs/Users/adamtimberlake/Webroot/ReactWayfinder/node_modules/.vite/deps/client-DN9gUMy_.js?v=29213dea:7133:6)
    at recursivelyTraverseDeletionEffects (http://localhost:5174/@fs/Users/adamtimberlake/Webroot/ReactWayfinder/node_modules/.vite/deps/client-DN9gUMy_.js?v=29213dea:7072:50)
    at commitDeletionEffectsOnFiber (http://localhost:5174/@fs/Users/adamtimberlake/Webroot/ReactWayfinder/node_modules/.vite/deps/client-DN9gUMy_.js?v=29213dea:7147:14)
    at recursivelyTraverseDeletionEffects (http://localhost:5174/@fs/Users/adamtimberlake/Webroot/ReactWayfinder/node_modules/.vite/deps/client-DN9gUMy_.js?v=29213dea:7072:50)
[   23266ms] [WARNING] %s

%s
 An error occurred in the <div> component. Consider adding an error boundary to your tree to customize error handling behavior.
Visit https://react.dev/link/error-boundaries to learn more about error boundaries. @ http://localhost:5174/@vite/client:509
[   23293ms] NotFoundError: Failed to execute 'removeChild' on 'Node': The node to be removed is not a child of this node.
    at removeChildFromContainer (http://localhost:5174/@fs/Users/adamtimberlake/Webroot/ReactWayfinder/node_modules/.vite/deps/client-DN9gUMy_.js?v=29213dea:10587:123)
    at runWithFiberInDEV (http://localhost:5174/@fs/Users/adamtimberlake/Webroot/ReactWayfinder/node_modules/.vite/deps/client-DN9gUMy_.js?v=29213dea:850:66)
    at commitDeletionEffectsOnFiber (http://localhost:5174/@fs/Users/adamtimberlake/Webroot/ReactWayfinder/node_modules/.vite/deps/client-DN9gUMy_.js?v=29213dea:7105:7)
    at recursivelyTraverseDeletionEffects (http://localhost:5174/@fs/Users/adamtimberlake/Webroot/ReactWayfinder/node_modules/.vite/deps/client-DN9gUMy_.js?v=29213dea:7072:50)
    at commitDeletionEffectsOnFiber (http://localhost:5174/@fs/Users/adamtimberlake/Webroot/ReactWayfinder/node_modules/.vite/deps/client-DN9gUMy_.js?v=29213dea:7133:6)
    at recursivelyTraverseDeletionEffects (http://localhost:5174/@fs/Users/adamtimberlake/Webroot/ReactWayfinder/node_modules/.vite/deps/client-DN9gUMy_.js?v=29213dea:7072:50)
    at commitDeletionEffectsOnFiber (http://localhost:5174/@fs/Users/adamtimberlake/Webroot/ReactWayfinder/node_modules/.vite/deps/client-DN9gUMy_.js?v=29213dea:7133:6)
    at recursivelyTraverseDeletionEffects (http://localhost:5174/@fs/Users/adamtimberlake/Webroot/ReactWayfinder/node_modules/.vite/deps/client-DN9gUMy_.js?v=29213dea:7072:50)
    at commitDeletionEffectsOnFiber (http://localhost:5174/@fs/Users/adamtimberlake/Webroot/ReactWayfinder/node_modules/.vite/deps/client-DN9gUMy_.js?v=29213dea:7147:14)
    at recursivelyTraverseDeletionEffects (http://localhost:5174/@fs/Users/adamtimberlake/Webroot/ReactWayfinder/node_modules/.vite/deps/client-DN9gUMy_.js?v=29213dea:7072:50)
[   23267ms] [WARNING] %s

%s
 An error occurred in the <a> component. Consider adding an error boundary to your tree to customize error handling behavior.
Visit https://react.dev/link/error-boundaries to learn more about error boundaries. @ http://localhost:5174/@vite/client:509
[   23293ms] NotFoundError: Failed to execute 'removeChild' on 'Node': The node to be removed is not a child of this node.
    at removeChildFromContainer (http://localhost:5174/@fs/Users/adamtimberlake/Webroot/ReactWayfinder/node_modules/.vite/deps/client-DN9gUMy_.js?v=29213dea:10587:123)
    at runWithFiberInDEV (http://localhost:5174/@fs/Users/adamtimberlake/Webroot/ReactWayfinder/node_modules/.vite/deps/client-DN9gUMy_.js?v=29213dea:850:66)
    at commitDeletionEffectsOnFiber (http://localhost:5174/@fs/Users/adamtimberlake/Webroot/ReactWayfinder/node_modules/.vite/deps/client-DN9gUMy_.js?v=29213dea:7105:7)
    at recursivelyTraverseDeletionEffects (http://localhost:5174/@fs/Users/adamtimberlake/Webroot/ReactWayfinder/node_modules/.vite/deps/client-DN9gUMy_.js?v=29213dea:7072:50)
    at commitDeletionEffectsOnFiber (http://localhost:5174/@fs/Users/adamtimberlake/Webroot/ReactWayfinder/node_modules/.vite/deps/client-DN9gUMy_.js?v=29213dea:7133:6)
    at recursivelyTraverseDeletionEffects (http://localhost:5174/@fs/Users/adamtimberlake/Webroot/ReactWayfinder/node_modules/.vite/deps/client-DN9gUMy_.js?v=29213dea:7072:50)
    at commitDeletionEffectsOnFiber (http://localhost:5174/@fs/Users/adamtimberlake/Webroot/ReactWayfinder/node_modules/.vite/deps/client-DN9gUMy_.js?v=29213dea:7133:6)
    at recursivelyTraverseDeletionEffects (http://localhost:5174/@fs/Users/adamtimberlake/Webroot/ReactWayfinder/node_modules/.vite/deps/client-DN9gUMy_.js?v=29213dea:7072:50)
    at commitDeletionEffectsOnFiber (http://localhost:5174/@fs/Users/adamtimberlake/Webroot/ReactWayfinder/node_modules/.vite/deps/client-DN9gUMy_.js?v=29213dea:7133:6)
    at recursivelyTraverseDeletionEffects (http://localhost:5174/@fs/Users/adamtimberlake/Webroot/ReactWayfinder/node_modules/.vite/deps/client-DN9gUMy_.js?v=29213dea:7072:50)
[   23268ms] [WARNING] %s

%s
 An error occurred in the <nav> component. Consider adding an error boundary to your tree to customize error handling behavior.
Visit https://react.dev/link/error-boundaries to learn more about error boundaries. @ http://localhost:5174/@vite/client:509
[   23294ms] NotFoundError: Failed to execute 'removeChild' on 'Node': The node to be removed is not a child of this node.
    at removeChildFromContainer (http://localhost:5174/@fs/Users/adamtimberlake/Webroot/ReactWayfinder/node_modules/.vite/deps/client-DN9gUMy_.js?v=29213dea:10587:123)
    at runWithFiberInDEV (http://localhost:5174/@fs/Users/adamtimberlake/Webroot/ReactWayfinder/node_modules/.vite/deps/client-DN9gUMy_.js?v=29213dea:850:66)
    at commitDeletionEffectsOnFiber (http://localhost:5174/@fs/Users/adamtimberlake/Webroot/ReactWayfinder/node_modules/.vite/deps/client-DN9gUMy_.js?v=29213dea:7105:7)
    at recursivelyTraverseDeletionEffects (http://localhost:5174/@fs/Users/adamtimberlake/Webroot/ReactWayfinder/node_modules/.vite/deps/client-DN9gUMy_.js?v=29213dea:7072:50)
    at commitDeletionEffectsOnFiber (http://localhost:5174/@fs/Users/adamtimberlake/Webroot/ReactWayfinder/node_modules/.vite/deps/client-DN9gUMy_.js?v=29213dea:7133:6)
    at recursivelyTraverseDeletionEffects (http://localhost:5174/@fs/Users/adamtimberlake/Webroot/ReactWayfinder/node_modules/.vite/deps/client-DN9gUMy_.js?v=29213dea:7072:50)
    at commitDeletionEffectsOnFiber (http://localhost:5174/@fs/Users/adamtimberlake/Webroot/ReactWayfinder/node_modules/.vite/deps/client-DN9gUMy_.js?v=29213dea:7133:6)
    at recursivelyTraverseDeletionEffects (http://localhost:5174/@fs/Users/adamtimberlake/Webroot/ReactWayfinder/node_modules/.vite/deps/client-DN9gUMy_.js?v=29213dea:7072:50)
    at commitDeletionEffectsOnFiber (http://localhost:5174/@fs/Users/adamtimberlake/Webroot/ReactWayfinder/node_modules/.vite/deps/client-DN9gUMy_.js?v=29213dea:7133:6)
    at recursivelyTraverseDeletionEffects (http://localhost:5174/@fs/Users/adamtimberlake/Webroot/ReactWayfinder/node_modules/.vite/deps/client-DN9gUMy_.js?v=29213dea:7072:50)
[   23268ms] [WARNING] %s

%s
 An error occurred in the <div> component. Consider adding an error boundary to your tree to customize error handling behavior.
Visit https://react.dev/link/error-boundaries to learn more about error boundaries. @ http://localhost:5174/@vite/client:509
[   23295ms] NotFoundError: Failed to execute 'removeChild' on 'Node': The node to be removed is not a child of this node.
    at removeChildFromContainer (http://localhost:5174/@fs/Users/adamtimberlake/Webroot/ReactWayfinder/node_modules/.vite/deps/client-DN9gUMy_.js?v=29213dea:10587:123)
    at runWithFiberInDEV (http://localhost:5174/@fs/Users/adamtimberlake/Webroot/ReactWayfinder/node_modules/.vite/deps/client-DN9gUMy_.js?v=29213dea:850:66)
    at commitDeletionEffectsOnFiber (http://localhost:5174/@fs/Users/adamtimberlake/Webroot/ReactWayfinder/node_modules/.vite/deps/client-DN9gUMy_.js?v=29213dea:7105:7)
    at recursivelyTraverseDeletionEffects (http://localhost:5174/@fs/Users/adamtimberlake/Webroot/ReactWayfinder/node_modules/.vite/deps/client-DN9gUMy_.js?v=29213dea:7072:50)
    at commitDeletionEffectsOnFiber (http://localhost:5174/@fs/Users/adamtimberlake/Webroot/ReactWayfinder/node_modules/.vite/deps/client-DN9gUMy_.js?v=29213dea:7133:6)
    at recursivelyTraverseDeletionEffects (http://localhost:5174/@fs/Users/adamtimberlake/Webroot/ReactWayfinder/node_modules/.vite/deps/client-DN9gUMy_.js?v=29213dea:7072:50)
    at commitDeletionEffectsOnFiber (http://localhost:5174/@fs/Users/adamtimberlake/Webroot/ReactWayfinder/node_modules/.vite/deps/client-DN9gUMy_.js?v=29213dea:7133:6)
    at recursivelyTraverseDeletionEffects (http://localhost:5174/@fs/Users/adamtimberlake/Webroot/ReactWayfinder/node_modules/.vite/deps/client-DN9gUMy_.js?v=29213dea:7072:50)
    at commitDeletionEffectsOnFiber (http://localhost:5174/@fs/Users/adamtimberlake/Webroot/ReactWayfinder/node_modules/.vite/deps/client-DN9gUMy_.js?v=29213dea:7133:6)
    at recursivelyTraverseDeletionEffects (http://localhost:5174/@fs/Users/adamtimberlake/Webroot/ReactWayfinder/node_modules/.vite/deps/client-DN9gUMy_.js?v=29213dea:7072:50)
[   23269ms] [WARNING] %s

%s
 An error occurred in the <div> component. Consider adding an error boundary to your tree to customize error handling behavior.
Visit https://react.dev/link/error-boundaries to learn more about error boundaries. @ http://localhost:5174/@vite/client:509
[   24407ms] [ERROR] You are calling ReactDOMClient.createRoot() on a container that has already been passed to createRoot() before. Instead, call root.render() on the existing root instead if you want to update it. @ http://localhost:5174/@vite/client:509
[   24459ms] NotFoundError: Failed to execute 'removeChild' on 'Node': The node to be removed is not a child of this node.
    at removeChildFromContainer (http://localhost:5174/@fs/Users/adamtimberlake/Webroot/ReactWayfinder/node_modules/.vite/deps/client-DN9gUMy_.js?v=29213dea:10587:123)
    at runWithFiberInDEV (http://localhost:5174/@fs/Users/adamtimberlake/Webroot/ReactWayfinder/node_modules/.vite/deps/client-DN9gUMy_.js?v=29213dea:850:66)
    at commitDeletionEffectsOnFiber (http://localhost:5174/@fs/Users/adamtimberlake/Webroot/ReactWayfinder/node_modules/.vite/deps/client-DN9gUMy_.js?v=29213dea:7105:7)
    at recursivelyTraverseDeletionEffects (http://localhost:5174/@fs/Users/adamtimberlake/Webroot/ReactWayfinder/node_modules/.vite/deps/client-DN9gUMy_.js?v=29213dea:7072:50)
    at commitDeletionEffectsOnFiber (http://localhost:5174/@fs/Users/adamtimberlake/Webroot/ReactWayfinder/node_modules/.vite/deps/client-DN9gUMy_.js?v=29213dea:7133:6)
    at recursivelyTraverseDeletionEffects (http://localhost:5174/@fs/Users/adamtimberlake/Webroot/ReactWayfinder/node_modules/.vite/deps/client-DN9gUMy_.js?v=29213dea:7072:50)
    at commitDeletionEffectsOnFiber (http://localhost:5174/@fs/Users/adamtimberlake/Webroot/ReactWayfinder/node_modules/.vite/deps/client-DN9gUMy_.js?v=29213dea:7133:6)
    at recursivelyTraverseDeletionEffects (http://localhost:5174/@fs/Users/adamtimberlake/Webroot/ReactWayfinder/node_modules/.vite/deps/client-DN9gUMy_.js?v=29213dea:7072:50)
    at commitDeletionEffectsOnFiber (http://localhost:5174/@fs/Users/adamtimberlake/Webroot/ReactWayfinder/node_modules/.vite/deps/client-DN9gUMy_.js?v=29213dea:7147:14)
    at recursivelyTraverseDeletionEffects (http://localhost:5174/@fs/Users/adamtimberlake/Webroot/ReactWayfinder/node_modules/.vite/deps/client-DN9gUMy_.js?v=29213dea:7072:50)
[   24433ms] [WARNING] %s

%s
 An error occurred in the <div> component. Consider adding an error boundary to your tree to customize error handling behavior.
Visit https://react.dev/link/error-boundaries to learn more about error boundaries. @ http://localhost:5174/@vite/client:509
[   24461ms] NotFoundError: Failed to execute 'removeChild' on 'Node': The node to be removed is not a child of this node.
    at removeChildFromContainer (http://localhost:5174/@fs/Users/adamtimberlake/Webroot/ReactWayfinder/node_modules/.vite/deps/client-DN9gUMy_.js?v=29213dea:10587:123)
    at runWithFiberInDEV (http://localhost:5174/@fs/Users/adamtimberlake/Webroot/ReactWayfinder/node_modules/.vite/deps/client-DN9gUMy_.js?v=29213dea:850:66)
    at commitDeletionEffectsOnFiber (http://localhost:5174/@fs/Users/adamtimberlake/Webroot/ReactWayfinder/node_modules/.vite/deps/client-DN9gUMy_.js?v=29213dea:7105:7)
    at recursivelyTraverseDeletionEffects (http://localhost:5174/@fs/Users/adamtimberlake/Webroot/ReactWayfinder/node_modules/.vite/deps/client-DN9gUMy_.js?v=29213dea:7072:50)
    at commitDeletionEffectsOnFiber (http://localhost:5174/@fs/Users/adamtimberlake/Webroot/ReactWayfinder/node_modules/.vite/deps/client-DN9gUMy_.js?v=29213dea:7133:6)
    at recursivelyTraverseDeletionEffects (http://localhost:5174/@fs/Users/adamtimberlake/Webroot/ReactWayfinder/node_modules/.vite/deps/client-DN9gUMy_.js?v=29213dea:7072:50)
    at commitDeletionEffectsOnFiber (http://localhost:5174/@fs/Users/adamtimberlake/Webroot/ReactWayfinder/node_modules/.vite/deps/client-DN9gUMy_.js?v=29213dea:7133:6)
    at recursivelyTraverseDeletionEffects (http://localhost:5174/@fs/Users/adamtimberlake/Webroot/ReactWayfinder/node_modules/.vite/deps/client-DN9gUMy_.js?v=29213dea:7072:50)
    at commitDeletionEffectsOnFiber (http://localhost:5174/@fs/Users/adamtimberlake/Webroot/ReactWayfinder/node_modules/.vite/deps/client-DN9gUMy_.js?v=29213dea:7147:14)
    at recursivelyTraverseDeletionEffects (http://localhost:5174/@fs/Users/adamtimberlake/Webroot/ReactWayfinder/node_modules/.vite/deps/client-DN9gUMy_.js?v=29213dea:7072:50)
[   24433ms] [WARNING] %s

%s
 An error occurred in the <a> component. Consider adding an error boundary to your tree to customize error handling behavior.
Visit https://react.dev/link/error-boundaries to learn more about error boundaries. @ http://localhost:5174/@vite/client:509
[   24466ms] NotFoundError: Failed to execute 'removeChild' on 'Node': The node to be removed is not a child of this node.
    at removeChildFromContainer (http://localhost:5174/@fs/Users/adamtimberlake/Webroot/ReactWayfinder/node_modules/.vite/deps/client-DN9gUMy_.js?v=29213dea:10587:123)
    at runWithFiberInDEV (http://localhost:5174/@fs/Users/adamtimberlake/Webroot/ReactWayfinder/node_modules/.vite/deps/client-DN9gUMy_.js?v=29213dea:850:66)
    at commitDeletionEffectsOnFiber (http://localhost:5174/@fs/Users/adamtimberlake/Webroot/ReactWayfinder/node_modules/.vite/deps/client-DN9gUMy_.js?v=29213dea:7105:7)
    at recursivelyTraverseDeletionEffects (http://localhost:5174/@fs/Users/adamtimberlake/Webroot/ReactWayfinder/node_modules/.vite/deps/client-DN9gUMy_.js?v=29213dea:7072:50)
    at commitDeletionEffectsOnFiber (http://localhost:5174/@fs/Users/adamtimberlake/Webroot/ReactWayfinder/node_modules/.vite/deps/client-DN9gUMy_.js?v=29213dea:7133:6)
    at recursivelyTraverseDeletionEffects (http://localhost:5174/@fs/Users/adamtimberlake/Webroot/ReactWayfinder/node_modules/.vite/deps/client-DN9gUMy_.js?v=29213dea:7072:50)
    at commitDeletionEffectsOnFiber (http://localhost:5174/@fs/Users/adamtimberlake/Webroot/ReactWayfinder/node_modules/.vite/deps/client-DN9gUMy_.js?v=29213dea:7133:6)
    at recursivelyTraverseDeletionEffects (http://localhost:5174/@fs/Users/adamtimberlake/Webroot/ReactWayfinder/node_modules/.vite/deps/client-DN9gUMy_.js?v=29213dea:7072:50)
    at commitDeletionEffectsOnFiber (http://localhost:5174/@fs/Users/adamtimberlake/Webroot/ReactWayfinder/node_modules/.vite/deps/client-DN9gUMy_.js?v=29213dea:7133:6)
    at recursivelyTraverseDeletionEffects (http://localhost:5174/@fs/Users/adamtimberlake/Webroot/ReactWayfinder/node_modules/.vite/deps/client-DN9gUMy_.js?v=29213dea:7072:50)
[   24434ms] [WARNING] %s

%s
 An error occurred in the <nav> component. Consider adding an error boundary to your tree to customize error handling behavior.
Visit https://react.dev/link/error-boundaries to learn more about error boundaries. @ http://localhost:5174/@vite/client:509
[   24468ms] NotFoundError: Failed to execute 'removeChild' on 'Node': The node to be removed is not a child of this node.
    at removeChildFromContainer (http://localhost:5174/@fs/Users/adamtimberlake/Webroot/ReactWayfinder/node_modules/.vite/deps/client-DN9gUMy_.js?v=29213dea:10587:123)
    at runWithFiberInDEV (http://localhost:5174/@fs/Users/adamtimberlake/Webroot/ReactWayfinder/node_modules/.vite/deps/client-DN9gUMy_.js?v=29213dea:850:66)
    at commitDeletionEffectsOnFiber (http://localhost:5174/@fs/Users/adamtimberlake/Webroot/ReactWayfinder/node_modules/.vite/deps/client-DN9gUMy_.js?v=29213dea:7105:7)
    at recursivelyTraverseDeletionEffects (http://localhost:5174/@fs/Users/adamtimberlake/Webroot/ReactWayfinder/node_modules/.vite/deps/client-DN9gUMy_.js?v=29213dea:7072:50)
    at commitDeletionEffectsOnFiber (http://localhost:5174/@fs/Users/adamtimberlake/Webroot/ReactWayfinder/node_modules/.vite/deps/client-DN9gUMy_.js?v=29213dea:7133:6)
    at recursivelyTraverseDeletionEffects (http://localhost:5174/@fs/Users/adamtimberlake/Webroot/ReactWayfinder/node_modules/.vite/deps/client-DN9gUMy_.js?v=29213dea:7072:50)
    at commitDeletionEffectsOnFiber (http://localhost:5174/@fs/Users/adamtimberlake/Webroot/ReactWayfinder/node_modules/.vite/deps/client-DN9gUMy_.js?v=29213dea:7133:6)
    at recursivelyTraverseDeletionEffects (http://localhost:5174/@fs/Users/adamtimberlake/Webroot/ReactWayfinder/node_modules/.vite/deps/client-DN9gUMy_.js?v=29213dea:7072:50)
    at commitDeletionEffectsOnFiber (http://localhost:5174/@fs/Users/adamtimberlake/Webroot/ReactWayfinder/node_modules/.vite/deps/client-DN9gUMy_.js?v=29213dea:7133:6)
    at recursivelyTraverseDeletionEffects (http://localhost:5174/@fs/Users/adamtimberlake/Webroot/ReactWayfinder/node_modules/.vite/deps/client-DN9gUMy_.js?v=29213dea:7072:50)
[   24435ms] [WARNING] %s

%s
 An error occurred in the <div> component. Consider adding an error boundary to your tree to customize error handling behavior.
Visit https://react.dev/link/error-boundaries to learn more about error boundaries. @ http://localhost:5174/@vite/client:509
[   24471ms] NotFoundError: Failed to execute 'removeChild' on 'Node': The node to be removed is not a child of this node.
    at removeChildFromContainer (http://localhost:5174/@fs/Users/adamtimberlake/Webroot/ReactWayfinder/node_modules/.vite/deps/client-DN9gUMy_.js?v=29213dea:10587:123)
    at runWithFiberInDEV (http://localhost:5174/@fs/Users/adamtimberlake/Webroot/ReactWayfinder/node_modules/.vite/deps/client-DN9gUMy_.js?v=29213dea:850:66)
    at commitDeletionEffectsOnFiber (http://localhost:5174/@fs/Users/adamtimberlake/Webroot/ReactWayfinder/node_modules/.vite/deps/client-DN9gUMy_.js?v=29213dea:7105:7)
    at recursivelyTraverseDeletionEffects (http://localhost:5174/@fs/Users/adamtimberlake/Webroot/ReactWayfinder/node_modules/.vite/deps/client-DN9gUMy_.js?v=29213dea:7072:50)
    at commitDeletionEffectsOnFiber (http://localhost:5174/@fs/Users/adamtimberlake/Webroot/ReactWayfinder/node_modules/.vite/deps/client-DN9gUMy_.js?v=29213dea:7133:6)
    at recursivelyTraverseDeletionEffects (http://localhost:5174/@fs/Users/adamtimberlake/Webroot/ReactWayfinder/node_modules/.vite/deps/client-DN9gUMy_.js?v=29213dea:7072:50)
    at commitDeletionEffectsOnFiber (http://localhost:5174/@fs/Users/adamtimberlake/Webroot/ReactWayfinder/node_modules/.vite/deps/client-DN9gUMy_.js?v=29213dea:7133:6)
    at recursivelyTraverseDeletionEffects (http://localhost:5174/@fs/Users/adamtimberlake/Webroot/ReactWayfinder/node_modules/.vite/deps/client-DN9gUMy_.js?v=29213dea:7072:50)
    at commitDeletionEffectsOnFiber (http://localhost:5174/@fs/Users/adamtimberlake/Webroot/ReactWayfinder/node_modules/.vite/deps/client-DN9gUMy_.js?v=29213dea:7144:6)
    at recursivelyTraverseDeletionEffects (http://localhost:5174/@fs/Users/adamtimberlake/Webroot/ReactWayfinder/node_modules/.vite/deps/client-DN9gUMy_.js?v=29213dea:7072:50)
[   24435ms] [WARNING] %s

%s
 An error occurred in the <div> component. Consider adding an error boundary to your tree to customize error handling behavior.
Visit https://react.dev/link/error-boundaries to learn more about error boundaries. @ http://localhost:5174/@vite/client:509
[   27826ms] NotFoundError: Failed to execute 'removeChild' on 'Node': The node to be removed is not a child of this node.
    at removeChildFromContainer (http://localhost:5174/@fs/Users/adamtimberlake/Webroot/ReactWayfinder/node_modules/.vite/deps/client-DN9gUMy_.js?v=29213dea:10587:123)
    at runWithFiberInDEV (http://localhost:5174/@fs/Users/adamtimberlake/Webroot/ReactWayfinder/node_modules/.vite/deps/client-DN9gUMy_.js?v=29213dea:850:66)
    at commitDeletionEffectsOnFiber (http://localhost:5174/@fs/Users/adamtimberlake/Webroot/ReactWayfinder/node_modules/.vite/deps/client-DN9gUMy_.js?v=29213dea:7105:7)
    at recursivelyTraverseDeletionEffects (http://localhost:5174/@fs/Users/adamtimberlake/Webroot/ReactWayfinder/node_modules/.vite/deps/client-DN9gUMy_.js?v=29213dea:7072:50)
    at commitDeletionEffectsOnFiber (http://localhost:5174/@fs/Users/adamtimberlake/Webroot/ReactWayfinder/node_modules/.vite/deps/client-DN9gUMy_.js?v=29213dea:7133:6)
    at recursivelyTraverseDeletionEffects (http://localhost:5174/@fs/Users/adamtimberlake/Webroot/ReactWayfinder/node_modules/.vite/deps/client-DN9gUMy_.js?v=29213dea:7072:50)
    at commitDeletionEffectsOnFiber (http://localhost:5174/@fs/Users/adamtimberlake/Webroot/ReactWayfinder/node_modules/.vite/deps/client-DN9gUMy_.js?v=29213dea:7133:6)
    at recursivelyTraverseDeletionEffects (http://localhost:5174/@fs/Users/adamtimberlake/Webroot/ReactWayfinder/node_modules/.vite/deps/client-DN9gUMy_.js?v=29213dea:7072:50)
    at commitDeletionEffectsOnFiber (http://localhost:5174/@fs/Users/adamtimberlake/Webroot/ReactWayfinder/node_modules/.vite/deps/client-DN9gUMy_.js?v=29213dea:7133:6)
    at recursivelyTraverseMutationEffects (http://localhost:5174/@fs/Users/adamtimberlake/Webroot/ReactWayfinder/node_modules/.vite/deps/client-DN9gUMy_.js?v=29213dea:7222:5)
[   27825ms] [WARNING] %s

%s
 An error occurred in the <nav> component. Consider adding an error boundary to your tree to customize error handling behavior.
Visit https://react.dev/link/error-boundaries to learn more about error boundaries. @ http://localhost:5174/@vite/client:509
[   27828ms] NotFoundError: Failed to execute 'removeChild' on 'Node': The node to be removed is not a child of this node.
    at removeChildFromContainer (http://localhost:5174/@fs/Users/adamtimberlake/Webroot/ReactWayfinder/node_modules/.vite/deps/client-DN9gUMy_.js?v=29213dea:10587:123)
    at runWithFiberInDEV (http://localhost:5174/@fs/Users/adamtimberlake/Webroot/ReactWayfinder/node_modules/.vite/deps/client-DN9gUMy_.js?v=29213dea:850:66)
    at commitDeletionEffectsOnFiber (http://localhost:5174/@fs/Users/adamtimberlake/Webroot/ReactWayfinder/node_modules/.vite/deps/client-DN9gUMy_.js?v=29213dea:7105:7)
    at recursivelyTraverseDeletionEffects (http://localhost:5174/@fs/Users/adamtimberlake/Webroot/ReactWayfinder/node_modules/.vite/deps/client-DN9gUMy_.js?v=29213dea:7072:50)
    at commitDeletionEffectsOnFiber (http://localhost:5174/@fs/Users/adamtimberlake/Webroot/ReactWayfinder/node_modules/.vite/deps/client-DN9gUMy_.js?v=29213dea:7133:6)
    at recursivelyTraverseDeletionEffects (http://localhost:5174/@fs/Users/adamtimberlake/Webroot/ReactWayfinder/node_modules/.vite/deps/client-DN9gUMy_.js?v=29213dea:7072:50)
    at commitDeletionEffectsOnFiber (http://localhost:5174/@fs/Users/adamtimberlake/Webroot/ReactWayfinder/node_modules/.vite/deps/client-DN9gUMy_.js?v=29213dea:7133:6)
    at recursivelyTraverseDeletionEffects (http://localhost:5174/@fs/Users/adamtimberlake/Webroot/ReactWayfinder/node_modules/.vite/deps/client-DN9gUMy_.js?v=29213dea:7072:50)
    at commitDeletionEffectsOnFiber (http://localhost:5174/@fs/Users/adamtimberlake/Webroot/ReactWayfinder/node_modules/.vite/deps/client-DN9gUMy_.js?v=29213dea:7133:6)
    at recursivelyTraverseMutationEffects (http://localhost:5174/@fs/Users/adamtimberlake/Webroot/ReactWayfinder/node_modules/.vite/deps/client-DN9gUMy_.js?v=29213dea:7222:5)
[   27825ms] [WARNING] %s

%s
 An error occurred in the <div> component. Consider adding an error boundary to your tree to customize error handling behavior.
Visit https://react.dev/link/error-boundaries to learn more about error boundaries. @ http://localhost:5174/@vite/client:509
[   27828ms] NotFoundError: Failed to execute 'removeChild' on 'Node': The node to be removed is not a child of this node.
    at removeChildFromContainer (http://localhost:5174/@fs/Users/adamtimberlake/Webroot/ReactWayfinder/node_modules/.vite/deps/client-DN9gUMy_.js?v=29213dea:10587:123)
    at runWithFiberInDEV (http://localhost:5174/@fs/Users/adamtimberlake/Webroot/ReactWayfinder/node_modules/.vite/deps/client-DN9gUMy_.js?v=29213dea:850:66)
    at commitDeletionEffectsOnFiber (http://localhost:5174/@fs/Users/adamtimberlake/Webroot/ReactWayfinder/node_modules/.vite/deps/client-DN9gUMy_.js?v=29213dea:7105:7)
    at recursivelyTraverseDeletionEffects (http://localhost:5174/@fs/Users/adamtimberlake/Webroot/ReactWayfinder/node_modules/.vite/deps/client-DN9gUMy_.js?v=29213dea:7072:50)
    at commitDeletionEffectsOnFiber (http://localhost:5174/@fs/Users/adamtimberlake/Webroot/ReactWayfinder/node_modules/.vite/deps/client-DN9gUMy_.js?v=29213dea:7133:6)
    at recursivelyTraverseDeletionEffects (http://localhost:5174/@fs/Users/adamtimberlake/Webroot/ReactWayfinder/node_modules/.vite/deps/client-DN9gUMy_.js?v=29213dea:7072:50)
    at commitDeletionEffectsOnFiber (http://localhost:5174/@fs/Users/adamtimberlake/Webroot/ReactWayfinder/node_modules/.vite/deps/client-DN9gUMy_.js?v=29213dea:7133:6)
    at recursivelyTraverseMutationEffects (http://localhost:5174/@fs/Users/adamtimberlake/Webroot/ReactWayfinder/node_modules/.vite/deps/client-DN9gUMy_.js?v=29213dea:7222:5)
    at commitMutationEffectsOnFiber (http://localhost:5174/@fs/Users/adamtimberlake/Webroot/ReactWayfinder/node_modules/.vite/deps/client-DN9gUMy_.js?v=29213dea:7392:6)
    at recursivelyTraverseMutationEffects (http://localhost:5174/@fs/Users/adamtimberlake/Webroot/ReactWayfinder/node_modules/.vite/deps/client-DN9gUMy_.js?v=29213dea:7232:103)
[   27826ms] [WARNING] %s

%s
 An error occurred in the <div> component. Consider adding an error boundary to your tree to customize error handling behavior.
Visit https://react.dev/link/error-boundaries to learn more about error boundaries. @ http://localhost:5174/@vite/client:509
[   27828ms] NotFoundError: Failed to execute 'removeChild' on 'Node': The node to be removed is not a child of this node.
    at removeChildFromContainer (http://localhost:5174/@fs/Users/adamtimberlake/Webroot/ReactWayfinder/node_modules/.vite/deps/client-DN9gUMy_.js?v=29213dea:10587:123)
    at runWithFiberInDEV (http://localhost:5174/@fs/Users/adamtimberlake/Webroot/ReactWayfinder/node_modules/.vite/deps/client-DN9gUMy_.js?v=29213dea:850:66)
    at commitDeletionEffectsOnFiber (http://localhost:5174/@fs/Users/adamtimberlake/Webroot/ReactWayfinder/node_modules/.vite/deps/client-DN9gUMy_.js?v=29213dea:7105:7)
    at recursivelyTraverseDeletionEffects (http://localhost:5174/@fs/Users/adamtimberlake/Webroot/ReactWayfinder/node_modules/.vite/deps/client-DN9gUMy_.js?v=29213dea:7072:50)
    at commitDeletionEffectsOnFiber (http://localhost:5174/@fs/Users/adamtimberlake/Webroot/ReactWayfinder/node_modules/.vite/deps/client-DN9gUMy_.js?v=29213dea:7133:6)
    at recursivelyTraverseDeletionEffects (http://localhost:5174/@fs/Users/adamtimberlake/Webroot/ReactWayfinder/node_modules/.vite/deps/client-DN9gUMy_.js?v=29213dea:7072:50)
    at commitDeletionEffectsOnFiber (http://localhost:5174/@fs/Users/adamtimberlake/Webroot/ReactWayfinder/node_modules/.vite/deps/client-DN9gUMy_.js?v=29213dea:7133:6)
    at recursivelyTraverseDeletionEffects (http://localhost:5174/@fs/Users/adamtimberlake/Webroot/ReactWayfinder/node_modules/.vite/deps/client-DN9gUMy_.js?v=29213dea:7072:50)
    at commitDeletionEffectsOnFiber (http://localhost:5174/@fs/Users/adamtimberlake/Webroot/ReactWayfinder/node_modules/.vite/deps/client-DN9gUMy_.js?v=29213dea:7147:14)
    at recursivelyTraverseDeletionEffects (http://localhost:5174/@fs/Users/adamtimberlake/Webroot/ReactWayfinder/node_modules/.vite/deps/client-DN9gUMy_.js?v=29213dea:7072:50)
[   27827ms] [WARNING] %s

%s
 An error occurred in the <div> component. Consider adding an error boundary to your tree to customize error handling behavior.
Visit https://react.dev/link/error-boundaries to learn more about error boundaries. @ http://localhost:5174/@vite/client:509
[   27829ms] NotFoundError: Failed to execute 'removeChild' on 'Node': The node to be removed is not a child of this node.
    at removeChildFromContainer (http://localhost:5174/@fs/Users/adamtimberlake/Webroot/ReactWayfinder/node_modules/.vite/deps/client-DN9gUMy_.js?v=29213dea:10587:123)
    at runWithFiberInDEV (http://localhost:5174/@fs/Users/adamtimberlake/Webroot/ReactWayfinder/node_modules/.vite/deps/client-DN9gUMy_.js?v=29213dea:850:66)
    at commitDeletionEffectsOnFiber (http://localhost:5174/@fs/Users/adamtimberlake/Webroot/ReactWayfinder/node_modules/.vite/deps/client-DN9gUMy_.js?v=29213dea:7105:7)
    at recursivelyTraverseDeletionEffects (http://localhost:5174/@fs/Users/adamtimberlake/Webroot/ReactWayfinder/node_modules/.vite/deps/client-DN9gUMy_.js?v=29213dea:7072:50)
    at commitDeletionEffectsOnFiber (http://localhost:5174/@fs/Users/adamtimberlake/Webroot/ReactWayfinder/node_modules/.vite/deps/client-DN9gUMy_.js?v=29213dea:7133:6)
    at recursivelyTraverseDeletionEffects (http://localhost:5174/@fs/Users/adamtimberlake/Webroot/ReactWayfinder/node_modules/.vite/deps/client-DN9gUMy_.js?v=29213dea:7072:50)
    at commitDeletionEffectsOnFiber (http://localhost:5174/@fs/Users/adamtimberlake/Webroot/ReactWayfinder/node_modules/.vite/deps/client-DN9gUMy_.js?v=29213dea:7133:6)
    at recursivelyTraverseDeletionEffects (http://localhost:5174/@fs/Users/adamtimberlake/Webroot/ReactWayfinder/node_modules/.vite/deps/client-DN9gUMy_.js?v=29213dea:7072:50)
    at commitDeletionEffectsOnFiber (http://localhost:5174/@fs/Users/adamtimberlake/Webroot/ReactWayfinder/node_modules/.vite/deps/client-DN9gUMy_.js?v=29213dea:7147:14)
    at recursivelyTraverseDeletionEffects (http://localhost:5174/@fs/Users/adamtimberlake/Webroot/ReactWayfinder/node_modules/.vite/deps/client-DN9gUMy_.js?v=29213dea:7072:50)
[   27827ms] [WARNING] %s

%s
 An error occurred in the <a> component. Consider adding an error boundary to your tree to customize error handling behavior.
Visit https://react.dev/link/error-boundaries to learn more about error boundaries. @ http://localhost:5174/@vite/client:509
[   38036ms] [ERROR] You are calling ReactDOMClient.createRoot() on a container that has already been passed to createRoot() before. Instead, call root.render() on the existing root instead if you want to update it. @ http://localhost:5174/@vite/client:509
[   38073ms] NotFoundError: Failed to execute 'removeChild' on 'Node': The node to be removed is not a child of this node.
    at removeChildFromContainer (http://localhost:5174/@fs/Users/adamtimberlake/Webroot/ReactWayfinder/node_modules/.vite/deps/client-DN9gUMy_.js?v=29213dea:10587:123)
    at runWithFiberInDEV (http://localhost:5174/@fs/Users/adamtimberlake/Webroot/ReactWayfinder/node_modules/.vite/deps/client-DN9gUMy_.js?v=29213dea:850:66)
    at commitDeletionEffectsOnFiber (http://localhost:5174/@fs/Users/adamtimberlake/Webroot/ReactWayfinder/node_modules/.vite/deps/client-DN9gUMy_.js?v=29213dea:7105:7)
    at recursivelyTraverseDeletionEffects (http://localhost:5174/@fs/Users/adamtimberlake/Webroot/ReactWayfinder/node_modules/.vite/deps/client-DN9gUMy_.js?v=29213dea:7072:50)
    at commitDeletionEffectsOnFiber (http://localhost:5174/@fs/Users/adamtimberlake/Webroot/ReactWayfinder/node_modules/.vite/deps/client-DN9gUMy_.js?v=29213dea:7133:6)
    at recursivelyTraverseDeletionEffects (http://localhost:5174/@fs/Users/adamtimberlake/Webroot/ReactWayfinder/node_modules/.vite/deps/client-DN9gUMy_.js?v=29213dea:7072:50)
    at commitDeletionEffectsOnFiber (http://localhost:5174/@fs/Users/adamtimberlake/Webroot/ReactWayfinder/node_modules/.vite/deps/client-DN9gUMy_.js?v=29213dea:7133:6)
    at recursivelyTraverseDeletionEffects (http://localhost:5174/@fs/Users/adamtimberlake/Webroot/ReactWayfinder/node_modules/.vite/deps/client-DN9gUMy_.js?v=29213dea:7072:50)
    at commitDeletionEffectsOnFiber (http://localhost:5174/@fs/Users/adamtimberlake/Webroot/ReactWayfinder/node_modules/.vite/deps/client-DN9gUMy_.js?v=29213dea:7147:14)
    at recursivelyTraverseDeletionEffects (http://localhost:5174/@fs/Users/adamtimberlake/Webroot/ReactWayfinder/node_modules/.vite/deps/client-DN9gUMy_.js?v=29213dea:7072:50)
[   38064ms] [WARNING] %s

%s
 An error occurred in the <div> component. Consider adding an error boundary to your tree to customize error handling behavior.
Visit https://react.dev/link/error-boundaries to learn more about error boundaries. @ http://localhost:5174/@vite/client:509
[   38073ms] NotFoundError: Failed to execute 'removeChild' on 'Node': The node to be removed is not a child of this node.
    at removeChildFromContainer (http://localhost:5174/@fs/Users/adamtimberlake/Webroot/ReactWayfinder/node_modules/.vite/deps/client-DN9gUMy_.js?v=29213dea:10587:123)
    at runWithFiberInDEV (http://localhost:5174/@fs/Users/adamtimberlake/Webroot/ReactWayfinder/node_modules/.vite/deps/client-DN9gUMy_.js?v=29213dea:850:66)
    at commitDeletionEffectsOnFiber (http://localhost:5174/@fs/Users/adamtimberlake/Webroot/ReactWayfinder/node_modules/.vite/deps/client-DN9gUMy_.js?v=29213dea:7105:7)
    at recursivelyTraverseDeletionEffects (http://localhost:5174/@fs/Users/adamtimberlake/Webroot/ReactWayfinder/node_modules/.vite/deps/client-DN9gUMy_.js?v=29213dea:7072:50)
    at commitDeletionEffectsOnFiber (http://localhost:5174/@fs/Users/adamtimberlake/Webroot/ReactWayfinder/node_modules/.vite/deps/client-DN9gUMy_.js?v=29213dea:7133:6)
    at recursivelyTraverseDeletionEffects (http://localhost:5174/@fs/Users/adamtimberlake/Webroot/ReactWayfinder/node_modules/.vite/deps/client-DN9gUMy_.js?v=29213dea:7072:50)
    at commitDeletionEffectsOnFiber (http://localhost:5174/@fs/Users/adamtimberlake/Webroot/ReactWayfinder/node_modules/.vite/deps/client-DN9gUMy_.js?v=29213dea:7133:6)
    at recursivelyTraverseDeletionEffects (http://localhost:5174/@fs/Users/adamtimberlake/Webroot/ReactWayfinder/node_modules/.vite/deps/client-DN9gUMy_.js?v=29213dea:7072:50)
    at commitDeletionEffectsOnFiber (http://localhost:5174/@fs/Users/adamtimberlake/Webroot/ReactWayfinder/node_modules/.vite/deps/client-DN9gUMy_.js?v=29213dea:7147:14)
    at recursivelyTraverseDeletionEffects (http://localhost:5174/@fs/Users/adamtimberlake/Webroot/ReactWayfinder/node_modules/.vite/deps/client-DN9gUMy_.js?v=29213dea:7072:50)
[   38064ms] [WARNING] %s

%s
 An error occurred in the <a> component. Consider adding an error boundary to your tree to customize error handling behavior.
Visit https://react.dev/link/error-boundaries to learn more about error boundaries. @ http://localhost:5174/@vite/client:509
[   38074ms] NotFoundError: Failed to execute 'removeChild' on 'Node': The node to be removed is not a child of this node.
    at removeChildFromContainer (http://localhost:5174/@fs/Users/adamtimberlake/Webroot/ReactWayfinder/node_modules/.vite/deps/client-DN9gUMy_.js?v=29213dea:10587:123)
    at runWithFiberInDEV (http://localhost:5174/@fs/Users/adamtimberlake/Webroot/ReactWayfinder/node_modules/.vite/deps/client-DN9gUMy_.js?v=29213dea:850:66)
    at commitDeletionEffectsOnFiber (http://localhost:5174/@fs/Users/adamtimberlake/Webroot/ReactWayfinder/node_modules/.vite/deps/client-DN9gUMy_.js?v=29213dea:7105:7)
    at recursivelyTraverseDeletionEffects (http://localhost:5174/@fs/Users/adamtimberlake/Webroot/ReactWayfinder/node_modules/.vite/deps/client-DN9gUMy_.js?v=29213dea:7072:50)
    at commitDeletionEffectsOnFiber (http://localhost:5174/@fs/Users/adamtimberlake/Webroot/ReactWayfinder/node_modules/.vite/deps/client-DN9gUMy_.js?v=29213dea:7133:6)
    at recursivelyTraverseDeletionEffects (http://localhost:5174/@fs/Users/adamtimberlake/Webroot/ReactWayfinder/node_modules/.vite/deps/client-DN9gUMy_.js?v=29213dea:7072:50)
    at commitDeletionEffectsOnFiber (http://localhost:5174/@fs/Users/adamtimberlake/Webroot/ReactWayfinder/node_modules/.vite/deps/client-DN9gUMy_.js?v=29213dea:7133:6)
    at recursivelyTraverseDeletionEffects (http://localhost:5174/@fs/Users/adamtimberlake/Webroot/ReactWayfinder/node_modules/.vite/deps/client-DN9gUMy_.js?v=29213dea:7072:50)
    at commitDeletionEffectsOnFiber (http://localhost:5174/@fs/Users/adamtimberlake/Webroot/ReactWayfinder/node_modules/.vite/deps/client-DN9gUMy_.js?v=29213dea:7133:6)
    at recursivelyTraverseDeletionEffects (http://localhost:5174/@fs/Users/adamtimberlake/Webroot/ReactWayfinder/node_modules/.vite/deps/client-DN9gUMy_.js?v=29213dea:7072:50)
[   38065ms] [WARNING] %s

%s
 An error occurred in the <nav> component. Consider adding an error boundary to your tree to customize error handling behavior.
Visit https://react.dev/link/error-boundaries to learn more about error boundaries. @ http://localhost:5174/@vite/client:509
[   38076ms] NotFoundError: Failed to execute 'removeChild' on 'Node': The node to be removed is not a child of this node.
    at removeChildFromContainer (http://localhost:5174/@fs/Users/adamtimberlake/Webroot/ReactWayfinder/node_modules/.vite/deps/client-DN9gUMy_.js?v=29213dea:10587:123)
    at runWithFiberInDEV (http://localhost:5174/@fs/Users/adamtimberlake/Webroot/ReactWayfinder/node_modules/.vite/deps/client-DN9gUMy_.js?v=29213dea:850:66)
    at commitDeletionEffectsOnFiber (http://localhost:5174/@fs/Users/adamtimberlake/Webroot/ReactWayfinder/node_modules/.vite/deps/client-DN9gUMy_.js?v=29213dea:7105:7)
    at recursivelyTraverseDeletionEffects (http://localhost:5174/@fs/Users/adamtimberlake/Webroot/ReactWayfinder/node_modules/.vite/deps/client-DN9gUMy_.js?v=29213dea:7072:50)
    at commitDeletionEffectsOnFiber (http://localhost:5174/@fs/Users/adamtimberlake/Webroot/ReactWayfinder/node_modules/.vite/deps/client-DN9gUMy_.js?v=29213dea:7133:6)
    at recursivelyTraverseDeletionEffects (http://localhost:5174/@fs/Users/adamtimberlake/Webroot/ReactWayfinder/node_modules/.vite/deps/client-DN9gUMy_.js?v=29213dea:7072:50)
    at commitDeletionEffectsOnFiber (http://localhost:5174/@fs/Users/adamtimberlake/Webroot/ReactWayfinder/node_modules/.vite/deps/client-DN9gUMy_.js?v=29213dea:7133:6)
    at recursivelyTraverseDeletionEffects (http://localhost:5174/@fs/Users/adamtimberlake/Webroot/ReactWayfinder/node_modules/.vite/deps/client-DN9gUMy_.js?v=29213dea:7072:50)
    at commitDeletionEffectsOnFiber (http://localhost:5174/@fs/Users/adamtimberlake/Webroot/ReactWayfinder/node_modules/.vite/deps/client-DN9gUMy_.js?v=29213dea:7133:6)
    at recursivelyTraverseDeletionEffects (http://localhost:5174/@fs/Users/adamtimberlake/Webroot/ReactWayfinder/node_modules/.vite/deps/client-DN9gUMy_.js?v=29213dea:7072:50)
[   38065ms] [WARNING] %s

%s
 An error occurred in the <div> component. Consider adding an error boundary to your tree to customize error handling behavior.
Visit https://react.dev/link/error-boundaries to learn more about error boundaries. @ http://localhost:5174/@vite/client:509
[   38117ms] NotFoundError: Failed to execute 'removeChild' on 'Node': The node to be removed is not a child of this node.
    at removeChildFromContainer (http://localhost:5174/@fs/Users/adamtimberlake/Webroot/ReactWayfinder/node_modules/.vite/deps/client-DN9gUMy_.js?v=29213dea:10587:123)
    at runWithFiberInDEV (http://localhost:5174/@fs/Users/adamtimberlake/Webroot/ReactWayfinder/node_modules/.vite/deps/client-DN9gUMy_.js?v=29213dea:850:66)
    at commitDeletionEffectsOnFiber (http://localhost:5174/@fs/Users/adamtimberlake/Webroot/ReactWayfinder/node_modules/.vite/deps/client-DN9gUMy_.js?v=29213dea:7105:7)
    at recursivelyTraverseDeletionEffects (http://localhost:5174/@fs/Users/adamtimberlake/Webroot/ReactWayfinder/node_modules/.vite/deps/client-DN9gUMy_.js?v=29213dea:7072:50)
    at commitDeletionEffectsOnFiber (http://localhost:5174/@fs/Users/adamtimberlake/Webroot/ReactWayfinder/node_modules/.vite/deps/client-DN9gUMy_.js?v=29213dea:7133:6)
    at recursivelyTraverseDeletionEffects (http://localhost:5174/@fs/Users/adamtimberlake/Webroot/ReactWayfinder/node_modules/.vite/deps/client-DN9gUMy_.js?v=29213dea:7072:50)
    at commitDeletionEffectsOnFiber (http://localhost:5174/@fs/Users/adamtimberlake/Webroot/ReactWayfinder/node_modules/.vite/deps/client-DN9gUMy_.js?v=29213dea:7133:6)
    at recursivelyTraverseDeletionEffects (http://localhost:5174/@fs/Users/adamtimberlake/Webroot/ReactWayfinder/node_modules/.vite/deps/client-DN9gUMy_.js?v=29213dea:7072:50)
    at commitDeletionEffectsOnFiber (http://localhost:5174/@fs/Users/adamtimberlake/Webroot/ReactWayfinder/node_modules/.vite/deps/client-DN9gUMy_.js?v=29213dea:7133:6)
    at recursivelyTraverseDeletionEffects (http://localhost:5174/@fs/Users/adamtimberlake/Webroot/ReactWayfinder/node_modules/.vite/deps/client-DN9gUMy_.js?v=29213dea:7072:50)
[   38077ms] [WARNING] %s

%s
 An error occurred in the <div> component. Consider adding an error boundary to your tree to customize error handling behavior.
Visit https://react.dev/link/error-boundaries to learn more about error boundaries. @ http://localhost:5174/@vite/client:509
[   41934ms] NotFoundError: Failed to execute 'removeChild' on 'Node': The node to be removed is not a child of this node.
    at removeChildFromContainer (http://localhost:5174/@fs/Users/adamtimberlake/Webroot/ReactWayfinder/node_modules/.vite/deps/client-DN9gUMy_.js?v=29213dea:10587:123)
    at runWithFiberInDEV (http://localhost:5174/@fs/Users/adamtimberlake/Webroot/ReactWayfinder/node_modules/.vite/deps/client-DN9gUMy_.js?v=29213dea:850:66)
    at commitDeletionEffectsOnFiber (http://localhost:5174/@fs/Users/adamtimberlake/Webroot/ReactWayfinder/node_modules/.vite/deps/client-DN9gUMy_.js?v=29213dea:7105:7)
    at recursivelyTraverseDeletionEffects (http://localhost:5174/@fs/Users/adamtimberlake/Webroot/ReactWayfinder/node_modules/.vite/deps/client-DN9gUMy_.js?v=29213dea:7072:50)
    at commitDeletionEffectsOnFiber (http://localhost:5174/@fs/Users/adamtimberlake/Webroot/ReactWayfinder/node_modules/.vite/deps/client-DN9gUMy_.js?v=29213dea:7133:6)
    at recursivelyTraverseDeletionEffects (http://localhost:5174/@fs/Users/adamtimberlake/Webroot/ReactWayfinder/node_modules/.vite/deps/client-DN9gUMy_.js?v=29213dea:7072:50)
    at commitDeletionEffectsOnFiber (http://localhost:5174/@fs/Users/adamtimberlake/Webroot/ReactWayfinder/node_modules/.vite/deps/client-DN9gUMy_.js?v=29213dea:7133:6)
    at recursivelyTraverseDeletionEffects (http://localhost:5174/@fs/Users/adamtimberlake/Webroot/ReactWayfinder/node_modules/.vite/deps/client-DN9gUMy_.js?v=29213dea:7072:50)
    at commitDeletionEffectsOnFiber (http://localhost:5174/@fs/Users/adamtimberlake/Webroot/ReactWayfinder/node_modules/.vite/deps/client-DN9gUMy_.js?v=29213dea:7133:6)
    at recursivelyTraverseMutationEffects (http://localhost:5174/@fs/Users/adamtimberlake/Webroot/ReactWayfinder/node_modules/.vite/deps/client-DN9gUMy_.js?v=29213dea:7222:5)
[   41934ms] [WARNING] %s

%s
 An error occurred in the <nav> component. Consider adding an error boundary to your tree to customize error handling behavior.
Visit https://react.dev/link/error-boundaries to learn more about error boundaries. @ http://localhost:5174/@vite/client:509
[   41935ms] NotFoundError: Failed to execute 'removeChild' on 'Node': The node to be removed is not a child of this node.
    at removeChildFromContainer (http://localhost:5174/@fs/Users/adamtimberlake/Webroot/ReactWayfinder/node_modules/.vite/deps/client-DN9gUMy_.js?v=29213dea:10587:123)
    at runWithFiberInDEV (http://localhost:5174/@fs/Users/adamtimberlake/Webroot/ReactWayfinder/node_modules/.vite/deps/client-DN9gUMy_.js?v=29213dea:850:66)
    at commitDeletionEffectsOnFiber (http://localhost:5174/@fs/Users/adamtimberlake/Webroot/ReactWayfinder/node_modules/.vite/deps/client-DN9gUMy_.js?v=29213dea:7105:7)
    at recursivelyTraverseDeletionEffects (http://localhost:5174/@fs/Users/adamtimberlake/Webroot/ReactWayfinder/node_modules/.vite/deps/client-DN9gUMy_.js?v=29213dea:7072:50)
    at commitDeletionEffectsOnFiber (http://localhost:5174/@fs/Users/adamtimberlake/Webroot/ReactWayfinder/node_modules/.vite/deps/client-DN9gUMy_.js?v=29213dea:7133:6)
    at recursivelyTraverseDeletionEffects (http://localhost:5174/@fs/Users/adamtimberlake/Webroot/ReactWayfinder/node_modules/.vite/deps/client-DN9gUMy_.js?v=29213dea:7072:50)
    at commitDeletionEffectsOnFiber (http://localhost:5174/@fs/Users/adamtimberlake/Webroot/ReactWayfinder/node_modules/.vite/deps/client-DN9gUMy_.js?v=29213dea:7133:6)
    at recursivelyTraverseDeletionEffects (http://localhost:5174/@fs/Users/adamtimberlake/Webroot/ReactWayfinder/node_modules/.vite/deps/client-DN9gUMy_.js?v=29213dea:7072:50)
    at commitDeletionEffectsOnFiber (http://localhost:5174/@fs/Users/adamtimberlake/Webroot/ReactWayfinder/node_modules/.vite/deps/client-DN9gUMy_.js?v=29213dea:7133:6)
    at recursivelyTraverseMutationEffects (http://localhost:5174/@fs/Users/adamtimberlake/Webroot/ReactWayfinder/node_modules/.vite/deps/client-DN9gUMy_.js?v=29213dea:7222:5)
[   41935ms] [WARNING] %s

%s
 An error occurred in the <div> component. Consider adding an error boundary to your tree to customize error handling behavior.
Visit https://react.dev/link/error-boundaries to learn more about error boundaries. @ http://localhost:5174/@vite/client:509
[   41936ms] NotFoundError: Failed to execute 'removeChild' on 'Node': The node to be removed is not a child of this node.
    at removeChildFromContainer (http://localhost:5174/@fs/Users/adamtimberlake/Webroot/ReactWayfinder/node_modules/.vite/deps/client-DN9gUMy_.js?v=29213dea:10587:123)
    at runWithFiberInDEV (http://localhost:5174/@fs/Users/adamtimberlake/Webroot/ReactWayfinder/node_modules/.vite/deps/client-DN9gUMy_.js?v=29213dea:850:66)
    at commitDeletionEffectsOnFiber (http://localhost:5174/@fs/Users/adamtimberlake/Webroot/ReactWayfinder/node_modules/.vite/deps/client-DN9gUMy_.js?v=29213dea:7105:7)
    at recursivelyTraverseDeletionEffects (http://localhost:5174/@fs/Users/adamtimberlake/Webroot/ReactWayfinder/node_modules/.vite/deps/client-DN9gUMy_.js?v=29213dea:7072:50)
    at commitDeletionEffectsOnFiber (http://localhost:5174/@fs/Users/adamtimberlake/Webroot/ReactWayfinder/node_modules/.vite/deps/client-DN9gUMy_.js?v=29213dea:7133:6)
    at recursivelyTraverseDeletionEffects (http://localhost:5174/@fs/Users/adamtimberlake/Webroot/ReactWayfinder/node_modules/.vite/deps/client-DN9gUMy_.js?v=29213dea:7072:50)
    at commitDeletionEffectsOnFiber (http://localhost:5174/@fs/Users/adamtimberlake/Webroot/ReactWayfinder/node_modules/.vite/deps/client-DN9gUMy_.js?v=29213dea:7133:6)
    at recursivelyTraverseMutationEffects (http://localhost:5174/@fs/Users/adamtimberlake/Webroot/ReactWayfinder/node_modules/.vite/deps/client-DN9gUMy_.js?v=29213dea:7222:5)
    at commitMutationEffectsOnFiber (http://localhost:5174/@fs/Users/adamtimberlake/Webroot/ReactWayfinder/node_modules/.vite/deps/client-DN9gUMy_.js?v=29213dea:7392:6)
    at recursivelyTraverseMutationEffects (http://localhost:5174/@fs/Users/adamtimberlake/Webroot/ReactWayfinder/node_modules/.vite/deps/client-DN9gUMy_.js?v=29213dea:7232:103)
[   41935ms] [WARNING] %s

%s
 An error occurred in the <div> component. Consider adding an error boundary to your tree to customize error handling behavior.
Visit https://react.dev/link/error-boundaries to learn more about error boundaries. @ http://localhost:5174/@vite/client:509
[   41936ms] NotFoundError: Failed to execute 'removeChild' on 'Node': The node to be removed is not a child of this node.
    at removeChildFromContainer (http://localhost:5174/@fs/Users/adamtimberlake/Webroot/ReactWayfinder/node_modules/.vite/deps/client-DN9gUMy_.js?v=29213dea:10587:123)
    at runWithFiberInDEV (http://localhost:5174/@fs/Users/adamtimberlake/Webroot/ReactWayfinder/node_modules/.vite/deps/client-DN9gUMy_.js?v=29213dea:850:66)
    at commitDeletionEffectsOnFiber (http://localhost:5174/@fs/Users/adamtimberlake/Webroot/ReactWayfinder/node_modules/.vite/deps/client-DN9gUMy_.js?v=29213dea:7105:7)
    at recursivelyTraverseDeletionEffects (http://localhost:5174/@fs/Users/adamtimberlake/Webroot/ReactWayfinder/node_modules/.vite/deps/client-DN9gUMy_.js?v=29213dea:7072:50)
    at commitDeletionEffectsOnFiber (http://localhost:5174/@fs/Users/adamtimberlake/Webroot/ReactWayfinder/node_modules/.vite/deps/client-DN9gUMy_.js?v=29213dea:7133:6)
    at recursivelyTraverseDeletionEffects (http://localhost:5174/@fs/Users/adamtimberlake/Webroot/ReactWayfinder/node_modules/.vite/deps/client-DN9gUMy_.js?v=29213dea:7072:50)
    at commitDeletionEffectsOnFiber (http://localhost:5174/@fs/Users/adamtimberlake/Webroot/ReactWayfinder/node_modules/.vite/deps/client-DN9gUMy_.js?v=29213dea:7133:6)
    at recursivelyTraverseDeletionEffects (http://localhost:5174/@fs/Users/adamtimberlake/Webroot/ReactWayfinder/node_modules/.vite/deps/client-DN9gUMy_.js?v=29213dea:7072:50)
    at commitDeletionEffectsOnFiber (http://localhost:5174/@fs/Users/adamtimberlake/Webroot/ReactWayfinder/node_modules/.vite/deps/client-DN9gUMy_.js?v=29213dea:7147:14)
    at recursivelyTraverseDeletionEffects (http://localhost:5174/@fs/Users/adamtimberlake/Webroot/ReactWayfinder/node_modules/.vite/deps/client-DN9gUMy_.js?v=29213dea:7072:50)
[   41935ms] [WARNING] %s

%s
 An error occurred in the <div> component. Consider adding an error boundary to your tree to customize error handling behavior.
Visit https://react.dev/link/error-boundaries to learn more about error boundaries. @ http://localhost:5174/@vite/client:509
[   41937ms] NotFoundError: Failed to execute 'removeChild' on 'Node': The node to be removed is not a child of this node.
    at removeChildFromContainer (http://localhost:5174/@fs/Users/adamtimberlake/Webroot/ReactWayfinder/node_modules/.vite/deps/client-DN9gUMy_.js?v=29213dea:10587:123)
    at runWithFiberInDEV (http://localhost:5174/@fs/Users/adamtimberlake/Webroot/ReactWayfinder/node_modules/.vite/deps/client-DN9gUMy_.js?v=29213dea:850:66)
    at commitDeletionEffectsOnFiber (http://localhost:5174/@fs/Users/adamtimberlake/Webroot/ReactWayfinder/node_modules/.vite/deps/client-DN9gUMy_.js?v=29213dea:7105:7)
    at recursivelyTraverseDeletionEffects (http://localhost:5174/@fs/Users/adamtimberlake/Webroot/ReactWayfinder/node_modules/.vite/deps/client-DN9gUMy_.js?v=29213dea:7072:50)
    at commitDeletionEffectsOnFiber (http://localhost:5174/@fs/Users/adamtimberlake/Webroot/ReactWayfinder/node_modules/.vite/deps/client-DN9gUMy_.js?v=29213dea:7133:6)
    at recursivelyTraverseDeletionEffects (http://localhost:5174/@fs/Users/adamtimberlake/Webroot/ReactWayfinder/node_modules/.vite/deps/client-DN9gUMy_.js?v=29213dea:7072:50)
    at commitDeletionEffectsOnFiber (http://localhost:5174/@fs/Users/adamtimberlake/Webroot/ReactWayfinder/node_modules/.vite/deps/client-DN9gUMy_.js?v=29213dea:7133:6)
    at recursivelyTraverseDeletionEffects (http://localhost:5174/@fs/Users/adamtimberlake/Webroot/ReactWayfinder/node_modules/.vite/deps/client-DN9gUMy_.js?v=29213dea:7072:50)
    at commitDeletionEffectsOnFiber (http://localhost:5174/@fs/Users/adamtimberlake/Webroot/ReactWayfinder/node_modules/.vite/deps/client-DN9gUMy_.js?v=29213dea:7147:14)
    at recursivelyTraverseDeletionEffects (http://localhost:5174/@fs/Users/adamtimberlake/Webroot/ReactWayfinder/node_modules/.vite/deps/client-DN9gUMy_.js?v=29213dea:7072:50)
[   41936ms] [WARNING] %s

%s
 An error occurred in the <a> component. Consider adding an error boundary to your tree to customize error handling behavior.
Visit https://react.dev/link/error-boundaries to learn more about error boundaries. @ http://localhost:5174/@vite/client:509
[   42514ms] NotFoundError: Failed to execute 'removeChild' on 'Node': The node to be removed is not a child of this node.
    at removeChildFromContainer (http://localhost:5174/@fs/Users/adamtimberlake/Webroot/ReactWayfinder/node_modules/.vite/deps/client-DN9gUMy_.js?v=29213dea:10587:123)
    at runWithFiberInDEV (http://localhost:5174/@fs/Users/adamtimberlake/Webroot/ReactWayfinder/node_modules/.vite/deps/client-DN9gUMy_.js?v=29213dea:850:66)
    at commitDeletionEffectsOnFiber (http://localhost:5174/@fs/Users/adamtimberlake/Webroot/ReactWayfinder/node_modules/.vite/deps/client-DN9gUMy_.js?v=29213dea:7105:7)
    at recursivelyTraverseDeletionEffects (http://localhost:5174/@fs/Users/adamtimberlake/Webroot/ReactWayfinder/node_modules/.vite/deps/client-DN9gUMy_.js?v=29213dea:7072:50)
    at commitDeletionEffectsOnFiber (http://localhost:5174/@fs/Users/adamtimberlake/Webroot/ReactWayfinder/node_modules/.vite/deps/client-DN9gUMy_.js?v=29213dea:7133:6)
    at recursivelyTraverseDeletionEffects (http://localhost:5174/@fs/Users/adamtimberlake/Webroot/ReactWayfinder/node_modules/.vite/deps/client-DN9gUMy_.js?v=29213dea:7072:50)
    at commitDeletionEffectsOnFiber (http://localhost:5174/@fs/Users/adamtimberlake/Webroot/ReactWayfinder/node_modules/.vite/deps/client-DN9gUMy_.js?v=29213dea:7133:6)
    at recursivelyTraverseDeletionEffects (http://localhost:5174/@fs/Users/adamtimberlake/Webroot/ReactWayfinder/node_modules/.vite/deps/client-DN9gUMy_.js?v=29213dea:7072:50)
    at commitDeletionEffectsOnFiber (http://localhost:5174/@fs/Users/adamtimberlake/Webroot/ReactWayfinder/node_modules/.vite/deps/client-DN9gUMy_.js?v=29213dea:7133:6)
    at recursivelyTraverseMutationEffects (http://localhost:5174/@fs/Users/adamtimberlake/Webroot/ReactWayfinder/node_modules/.vite/deps/client-DN9gUMy_.js?v=29213dea:7222:5)
[   42512ms] [WARNING] %s

%s
 An error occurred in the <nav> component. Consider adding an error boundary to your tree to customize error handling behavior.
Visit https://react.dev/link/error-boundaries to learn more about error boundaries. @ http://localhost:5174/@vite/client:509
[   42517ms] NotFoundError: Failed to execute 'removeChild' on 'Node': The node to be removed is not a child of this node.
    at removeChildFromContainer (http://localhost:5174/@fs/Users/adamtimberlake/Webroot/ReactWayfinder/node_modules/.vite/deps/client-DN9gUMy_.js?v=29213dea:10587:123)
    at runWithFiberInDEV (http://localhost:5174/@fs/Users/adamtimberlake/Webroot/ReactWayfinder/node_modules/.vite/deps/client-DN9gUMy_.js?v=29213dea:850:66)
    at commitDeletionEffectsOnFiber (http://localhost:5174/@fs/Users/adamtimberlake/Webroot/ReactWayfinder/node_modules/.vite/deps/client-DN9gUMy_.js?v=29213dea:7105:7)
    at recursivelyTraverseDeletionEffects (http://localhost:5174/@fs/Users/adamtimberlake/Webroot/ReactWayfinder/node_modules/.vite/deps/client-DN9gUMy_.js?v=29213dea:7072:50)
    at commitDeletionEffectsOnFiber (http://localhost:5174/@fs/Users/adamtimberlake/Webroot/ReactWayfinder/node_modules/.vite/deps/client-DN9gUMy_.js?v=29213dea:7133:6)
    at recursivelyTraverseDeletionEffects (http://localhost:5174/@fs/Users/adamtimberlake/Webroot/ReactWayfinder/node_modules/.vite/deps/client-DN9gUMy_.js?v=29213dea:7072:50)
    at commitDeletionEffectsOnFiber (http://localhost:5174/@fs/Users/adamtimberlake/Webroot/ReactWayfinder/node_modules/.vite/deps/client-DN9gUMy_.js?v=29213dea:7133:6)
    at recursivelyTraverseDeletionEffects (http://localhost:5174/@fs/Users/adamtimberlake/Webroot/ReactWayfinder/node_modules/.vite/deps/client-DN9gUMy_.js?v=29213dea:7072:50)
    at commitDeletionEffectsOnFiber (http://localhost:5174/@fs/Users/adamtimberlake/Webroot/ReactWayfinder/node_modules/.vite/deps/client-DN9gUMy_.js?v=29213dea:7133:6)
    at recursivelyTraverseMutationEffects (http://localhost:5174/@fs/Users/adamtimberlake/Webroot/ReactWayfinder/node_modules/.vite/deps/client-DN9gUMy_.js?v=29213dea:7222:5)
[   42513ms] [WARNING] %s

%s
 An error occurred in the <div> component. Consider adding an error boundary to your tree to customize error handling behavior.
Visit https://react.dev/link/error-boundaries to learn more about error boundaries. @ http://localhost:5174/@vite/client:509
[   42520ms] NotFoundError: Failed to execute 'removeChild' on 'Node': The node to be removed is not a child of this node.
    at removeChildFromContainer (http://localhost:5174/@fs/Users/adamtimberlake/Webroot/ReactWayfinder/node_modules/.vite/deps/client-DN9gUMy_.js?v=29213dea:10587:123)
    at runWithFiberInDEV (http://localhost:5174/@fs/Users/adamtimberlake/Webroot/ReactWayfinder/node_modules/.vite/deps/client-DN9gUMy_.js?v=29213dea:850:66)
    at commitDeletionEffectsOnFiber (http://localhost:5174/@fs/Users/adamtimberlake/Webroot/ReactWayfinder/node_modules/.vite/deps/client-DN9gUMy_.js?v=29213dea:7105:7)
    at recursivelyTraverseDeletionEffects (http://localhost:5174/@fs/Users/adamtimberlake/Webroot/ReactWayfinder/node_modules/.vite/deps/client-DN9gUMy_.js?v=29213dea:7072:50)
    at commitDeletionEffectsOnFiber (http://localhost:5174/@fs/Users/adamtimberlake/Webroot/ReactWayfinder/node_modules/.vite/deps/client-DN9gUMy_.js?v=29213dea:7133:6)
    at recursivelyTraverseDeletionEffects (http://localhost:5174/@fs/Users/adamtimberlake/Webroot/ReactWayfinder/node_modules/.vite/deps/client-DN9gUMy_.js?v=29213dea:7072:50)
    at commitDeletionEffectsOnFiber (http://localhost:5174/@fs/Users/adamtimberlake/Webroot/ReactWayfinder/node_modules/.vite/deps/client-DN9gUMy_.js?v=29213dea:7133:6)
    at recursivelyTraverseMutationEffects (http://localhost:5174/@fs/Users/adamtimberlake/Webroot/ReactWayfinder/node_modules/.vite/deps/client-DN9gUMy_.js?v=29213dea:7222:5)
    at commitMutationEffectsOnFiber (http://localhost:5174/@fs/Users/adamtimberlake/Webroot/ReactWayfinder/node_modules/.vite/deps/client-DN9gUMy_.js?v=29213dea:7392:6)
    at recursivelyTraverseMutationEffects (http://localhost:5174/@fs/Users/adamtimberlake/Webroot/ReactWayfinder/node_modules/.vite/deps/client-DN9gUMy_.js?v=29213dea:7232:103)
[   42513ms] [WARNING] %s

%s
 An error occurred in the <div> component. Consider adding an error boundary to your tree to customize error handling behavior.
Visit https://react.dev/link/error-boundaries to learn more about error boundaries. @ http://localhost:5174/@vite/client:509
[   42521ms] NotFoundError: Failed to execute 'removeChild' on 'Node': The node to be removed is not a child of this node.
    at removeChildFromContainer (http://localhost:5174/@fs/Users/adamtimberlake/Webroot/ReactWayfinder/node_modules/.vite/deps/client-DN9gUMy_.js?v=29213dea:10587:123)
    at runWithFiberInDEV (http://localhost:5174/@fs/Users/adamtimberlake/Webroot/ReactWayfinder/node_modules/.vite/deps/client-DN9gUMy_.js?v=29213dea:850:66)
    at commitDeletionEffectsOnFiber (http://localhost:5174/@fs/Users/adamtimberlake/Webroot/ReactWayfinder/node_modules/.vite/deps/client-DN9gUMy_.js?v=29213dea:7105:7)
    at recursivelyTraverseDeletionEffects (http://localhost:5174/@fs/Users/adamtimberlake/Webroot/ReactWayfinder/node_modules/.vite/deps/client-DN9gUMy_.js?v=29213dea:7072:50)
    at commitDeletionEffectsOnFiber (http://localhost:5174/@fs/Users/adamtimberlake/Webroot/ReactWayfinder/node_modules/.vite/deps/client-DN9gUMy_.js?v=29213dea:7133:6)
    at recursivelyTraverseDeletionEffects (http://localhost:5174/@fs/Users/adamtimberlake/Webroot/ReactWayfinder/node_modules/.vite/deps/client-DN9gUMy_.js?v=29213dea:7072:50)
    at commitDeletionEffectsOnFiber (http://localhost:5174/@fs/Users/adamtimberlake/Webroot/ReactWayfinder/node_modules/.vite/deps/client-DN9gUMy_.js?v=29213dea:7133:6)
    at recursivelyTraverseDeletionEffects (http://localhost:5174/@fs/Users/adamtimberlake/Webroot/ReactWayfinder/node_modules/.vite/deps/client-DN9gUMy_.js?v=29213dea:7072:50)
    at commitDeletionEffectsOnFiber (http://localhost:5174/@fs/Users/adamtimberlake/Webroot/ReactWayfinder/node_modules/.vite/deps/client-DN9gUMy_.js?v=29213dea:7147:14)
    at recursivelyTraverseDeletionEffects (http://localhost:5174/@fs/Users/adamtimberlake/Webroot/ReactWayfinder/node_modules/.vite/deps/client-DN9gUMy_.js?v=29213dea:7072:50)
[   42514ms] [WARNING] %s

%s
 An error occurred in the <div> component. Consider adding an error boundary to your tree to customize error handling behavior.
Visit https://react.dev/link/error-boundaries to learn more about error boundaries. @ http://localhost:5174/@vite/client:509
[   42524ms] NotFoundError: Failed to execute 'removeChild' on 'Node': The node to be removed is not a child of this node.
    at removeChildFromContainer (http://localhost:5174/@fs/Users/adamtimberlake/Webroot/ReactWayfinder/node_modules/.vite/deps/client-DN9gUMy_.js?v=29213dea:10587:123)
    at runWithFiberInDEV (http://localhost:5174/@fs/Users/adamtimberlake/Webroot/ReactWayfinder/node_modules/.vite/deps/client-DN9gUMy_.js?v=29213dea:850:66)
    at commitDeletionEffectsOnFiber (http://localhost:5174/@fs/Users/adamtimberlake/Webroot/ReactWayfinder/node_modules/.vite/deps/client-DN9gUMy_.js?v=29213dea:7105:7)
    at recursivelyTraverseDeletionEffects (http://localhost:5174/@fs/Users/adamtimberlake/Webroot/ReactWayfinder/node_modules/.vite/deps/client-DN9gUMy_.js?v=29213dea:7072:50)
    at commitDeletionEffectsOnFiber (http://localhost:5174/@fs/Users/adamtimberlake/Webroot/ReactWayfinder/node_modules/.vite/deps/client-DN9gUMy_.js?v=29213dea:7133:6)
    at recursivelyTraverseDeletionEffects (http://localhost:5174/@fs/Users/adamtimberlake/Webroot/ReactWayfinder/node_modules/.vite/deps/client-DN9gUMy_.js?v=29213dea:7072:50)
    at commitDeletionEffectsOnFiber (http://localhost:5174/@fs/Users/adamtimberlake/Webroot/ReactWayfinder/node_modules/.vite/deps/client-DN9gUMy_.js?v=29213dea:7133:6)
    at recursivelyTraverseDeletionEffects (http://localhost:5174/@fs/Users/adamtimberlake/Webroot/ReactWayfinder/node_modules/.vite/deps/client-DN9gUMy_.js?v=29213dea:7072:50)
    at commitDeletionEffectsOnFiber (http://localhost:5174/@fs/Users/adamtimberlake/Webroot/ReactWayfinder/node_modules/.vite/deps/client-DN9gUMy_.js?v=29213dea:7147:14)
    at recursivelyTraverseDeletionEffects (http://localhost:5174/@fs/Users/adamtimberlake/Webroot/ReactWayfinder/node_modules/.vite/deps/client-DN9gUMy_.js?v=29213dea:7072:50)
[   42514ms] [WARNING] %s

%s
 An error occurred in the <a> component. Consider adding an error boundary to your tree to customize error handling behavior.
Visit https://react.dev/link/error-boundaries to learn more about error boundaries. @ http://localhost:5174/@vite/client:509
