[  113907ms] [ERROR] You are calling ReactDOMClient.createRoot() on a container that has already been passed to createRoot() before. Instead, call root.render() on the existing root instead if you want to update it. @ http://localhost:5173/@vite/client:509
[  113943ms] NotFoundError: Failed to execute 'removeChild' on 'Node': The node to be removed is not a child of this node.
    at removeChildFromContainer (http://localhost:5173/@fs/Users/adamtimberlake/Webroot/ReactWayfinder/node_modules/.vite/deps/client-DN9gUMy_.js?v=4aff142b:10587:123)
    at runWithFiberInDEV (http://localhost:5173/@fs/Users/adamtimberlake/Webroot/ReactWayfinder/node_modules/.vite/deps/client-DN9gUMy_.js?v=4aff142b:850:66)
    at commitDeletionEffectsOnFiber (http://localhost:5173/@fs/Users/adamtimberlake/Webroot/ReactWayfinder/node_modules/.vite/deps/client-DN9gUMy_.js?v=4aff142b:7105:7)
    at recursivelyTraverseDeletionEffects (http://localhost:5173/@fs/Users/adamtimberlake/Webroot/ReactWayfinder/node_modules/.vite/deps/client-DN9gUMy_.js?v=4aff142b:7072:50)
    at commitDeletionEffectsOnFiber (http://localhost:5173/@fs/Users/adamtimberlake/Webroot/ReactWayfinder/node_modules/.vite/deps/client-DN9gUMy_.js?v=4aff142b:7133:6)
    at recursivelyTraverseDeletionEffects (http://localhost:5173/@fs/Users/adamtimberlake/Webroot/ReactWayfinder/node_modules/.vite/deps/client-DN9gUMy_.js?v=4aff142b:7072:50)
    at commitDeletionEffectsOnFiber (http://localhost:5173/@fs/Users/adamtimberlake/Webroot/ReactWayfinder/node_modules/.vite/deps/client-DN9gUMy_.js?v=4aff142b:7133:6)
    at recursivelyTraverseDeletionEffects (http://localhost:5173/@fs/Users/adamtimberlake/Webroot/ReactWayfinder/node_modules/.vite/deps/client-DN9gUMy_.js?v=4aff142b:7072:50)
    at commitDeletionEffectsOnFiber (http://localhost:5173/@fs/Users/adamtimberlake/Webroot/ReactWayfinder/node_modules/.vite/deps/client-DN9gUMy_.js?v=4aff142b:7147:14)
    at recursivelyTraverseDeletionEffects (http://localhost:5173/@fs/Users/adamtimberlake/Webroot/ReactWayfinder/node_modules/.vite/deps/client-DN9gUMy_.js?v=4aff142b:7072:50)
[  113936ms] [WARNING] %s

%s
 An error occurred in the <div> component. Consider adding an error boundary to your tree to customize error handling behavior.
Visit https://react.dev/link/error-boundaries to learn more about error boundaries. @ http://localhost:5173/@vite/client:509
[  113947ms] NotFoundError: Failed to execute 'removeChild' on 'Node': The node to be removed is not a child of this node.
    at removeChildFromContainer (http://localhost:5173/@fs/Users/adamtimberlake/Webroot/ReactWayfinder/node_modules/.vite/deps/client-DN9gUMy_.js?v=4aff142b:10587:123)
    at runWithFiberInDEV (http://localhost:5173/@fs/Users/adamtimberlake/Webroot/ReactWayfinder/node_modules/.vite/deps/client-DN9gUMy_.js?v=4aff142b:850:66)
    at commitDeletionEffectsOnFiber (http://localhost:5173/@fs/Users/adamtimberlake/Webroot/ReactWayfinder/node_modules/.vite/deps/client-DN9gUMy_.js?v=4aff142b:7105:7)
    at recursivelyTraverseDeletionEffects (http://localhost:5173/@fs/Users/adamtimberlake/Webroot/ReactWayfinder/node_modules/.vite/deps/client-DN9gUMy_.js?v=4aff142b:7072:50)
    at commitDeletionEffectsOnFiber (http://localhost:5173/@fs/Users/adamtimberlake/Webroot/ReactWayfinder/node_modules/.vite/deps/client-DN9gUMy_.js?v=4aff142b:7133:6)
    at recursivelyTraverseDeletionEffects (http://localhost:5173/@fs/Users/adamtimberlake/Webroot/ReactWayfinder/node_modules/.vite/deps/client-DN9gUMy_.js?v=4aff142b:7072:50)
    at commitDeletionEffectsOnFiber (http://localhost:5173/@fs/Users/adamtimberlake/Webroot/ReactWayfinder/node_modules/.vite/deps/client-DN9gUMy_.js?v=4aff142b:7133:6)
    at recursivelyTraverseDeletionEffects (http://localhost:5173/@fs/Users/adamtimberlake/Webroot/ReactWayfinder/node_modules/.vite/deps/client-DN9gUMy_.js?v=4aff142b:7072:50)
    at commitDeletionEffectsOnFiber (http://localhost:5173/@fs/Users/adamtimberlake/Webroot/ReactWayfinder/node_modules/.vite/deps/client-DN9gUMy_.js?v=4aff142b:7147:14)
    at recursivelyTraverseDeletionEffects (http://localhost:5173/@fs/Users/adamtimberlake/Webroot/ReactWayfinder/node_modules/.vite/deps/client-DN9gUMy_.js?v=4aff142b:7072:50)
[  113937ms] [WARNING] %s

%s
 An error occurred in the <a> component. Consider adding an error boundary to your tree to customize error handling behavior.
Visit https://react.dev/link/error-boundaries to learn more about error boundaries. @ http://localhost:5173/@vite/client:509
[  113950ms] NotFoundError: Failed to execute 'removeChild' on 'Node': The node to be removed is not a child of this node.
    at removeChildFromContainer (http://localhost:5173/@fs/Users/adamtimberlake/Webroot/ReactWayfinder/node_modules/.vite/deps/client-DN9gUMy_.js?v=4aff142b:10587:123)
    at runWithFiberInDEV (http://localhost:5173/@fs/Users/adamtimberlake/Webroot/ReactWayfinder/node_modules/.vite/deps/client-DN9gUMy_.js?v=4aff142b:850:66)
    at commitDeletionEffectsOnFiber (http://localhost:5173/@fs/Users/adamtimberlake/Webroot/ReactWayfinder/node_modules/.vite/deps/client-DN9gUMy_.js?v=4aff142b:7105:7)
    at recursivelyTraverseDeletionEffects (http://localhost:5173/@fs/Users/adamtimberlake/Webroot/ReactWayfinder/node_modules/.vite/deps/client-DN9gUMy_.js?v=4aff142b:7072:50)
    at commitDeletionEffectsOnFiber (http://localhost:5173/@fs/Users/adamtimberlake/Webroot/ReactWayfinder/node_modules/.vite/deps/client-DN9gUMy_.js?v=4aff142b:7133:6)
    at recursivelyTraverseDeletionEffects (http://localhost:5173/@fs/Users/adamtimberlake/Webroot/ReactWayfinder/node_modules/.vite/deps/client-DN9gUMy_.js?v=4aff142b:7072:50)
    at commitDeletionEffectsOnFiber (http://localhost:5173/@fs/Users/adamtimberlake/Webroot/ReactWayfinder/node_modules/.vite/deps/client-DN9gUMy_.js?v=4aff142b:7133:6)
    at recursivelyTraverseDeletionEffects (http://localhost:5173/@fs/Users/adamtimberlake/Webroot/ReactWayfinder/node_modules/.vite/deps/client-DN9gUMy_.js?v=4aff142b:7072:50)
    at commitDeletionEffectsOnFiber (http://localhost:5173/@fs/Users/adamtimberlake/Webroot/ReactWayfinder/node_modules/.vite/deps/client-DN9gUMy_.js?v=4aff142b:7133:6)
    at recursivelyTraverseDeletionEffects (http://localhost:5173/@fs/Users/adamtimberlake/Webroot/ReactWayfinder/node_modules/.vite/deps/client-DN9gUMy_.js?v=4aff142b:7072:50)
[  113937ms] [WARNING] %s

%s
 An error occurred in the <nav> component. Consider adding an error boundary to your tree to customize error handling behavior.
Visit https://react.dev/link/error-boundaries to learn more about error boundaries. @ http://localhost:5173/@vite/client:509
[  113954ms] NotFoundError: Failed to execute 'removeChild' on 'Node': The node to be removed is not a child of this node.
    at removeChildFromContainer (http://localhost:5173/@fs/Users/adamtimberlake/Webroot/ReactWayfinder/node_modules/.vite/deps/client-DN9gUMy_.js?v=4aff142b:10587:123)
    at runWithFiberInDEV (http://localhost:5173/@fs/Users/adamtimberlake/Webroot/ReactWayfinder/node_modules/.vite/deps/client-DN9gUMy_.js?v=4aff142b:850:66)
    at commitDeletionEffectsOnFiber (http://localhost:5173/@fs/Users/adamtimberlake/Webroot/ReactWayfinder/node_modules/.vite/deps/client-DN9gUMy_.js?v=4aff142b:7105:7)
    at recursivelyTraverseDeletionEffects (http://localhost:5173/@fs/Users/adamtimberlake/Webroot/ReactWayfinder/node_modules/.vite/deps/client-DN9gUMy_.js?v=4aff142b:7072:50)
    at commitDeletionEffectsOnFiber (http://localhost:5173/@fs/Users/adamtimberlake/Webroot/ReactWayfinder/node_modules/.vite/deps/client-DN9gUMy_.js?v=4aff142b:7133:6)
    at recursivelyTraverseDeletionEffects (http://localhost:5173/@fs/Users/adamtimberlake/Webroot/ReactWayfinder/node_modules/.vite/deps/client-DN9gUMy_.js?v=4aff142b:7072:50)
    at commitDeletionEffectsOnFiber (http://localhost:5173/@fs/Users/adamtimberlake/Webroot/ReactWayfinder/node_modules/.vite/deps/client-DN9gUMy_.js?v=4aff142b:7133:6)
    at recursivelyTraverseDeletionEffects (http://localhost:5173/@fs/Users/adamtimberlake/Webroot/ReactWayfinder/node_modules/.vite/deps/client-DN9gUMy_.js?v=4aff142b:7072:50)
    at commitDeletionEffectsOnFiber (http://localhost:5173/@fs/Users/adamtimberlake/Webroot/ReactWayfinder/node_modules/.vite/deps/client-DN9gUMy_.js?v=4aff142b:7133:6)
    at recursivelyTraverseDeletionEffects (http://localhost:5173/@fs/Users/adamtimberlake/Webroot/ReactWayfinder/node_modules/.vite/deps/client-DN9gUMy_.js?v=4aff142b:7072:50)
[  113938ms] [WARNING] %s

%s
 An error occurred in the <div> component. Consider adding an error boundary to your tree to customize error handling behavior.
Visit https://react.dev/link/error-boundaries to learn more about error boundaries. @ http://localhost:5173/@vite/client:509
[  113956ms] NotFoundError: Failed to execute 'removeChild' on 'Node': The node to be removed is not a child of this node.
    at removeChildFromContainer (http://localhost:5173/@fs/Users/adamtimberlake/Webroot/ReactWayfinder/node_modules/.vite/deps/client-DN9gUMy_.js?v=4aff142b:10587:123)
    at runWithFiberInDEV (http://localhost:5173/@fs/Users/adamtimberlake/Webroot/ReactWayfinder/node_modules/.vite/deps/client-DN9gUMy_.js?v=4aff142b:850:66)
    at commitDeletionEffectsOnFiber (http://localhost:5173/@fs/Users/adamtimberlake/Webroot/ReactWayfinder/node_modules/.vite/deps/client-DN9gUMy_.js?v=4aff142b:7105:7)
    at recursivelyTraverseDeletionEffects (http://localhost:5173/@fs/Users/adamtimberlake/Webroot/ReactWayfinder/node_modules/.vite/deps/client-DN9gUMy_.js?v=4aff142b:7072:50)
    at commitDeletionEffectsOnFiber (http://localhost:5173/@fs/Users/adamtimberlake/Webroot/ReactWayfinder/node_modules/.vite/deps/client-DN9gUMy_.js?v=4aff142b:7133:6)
    at recursivelyTraverseDeletionEffects (http://localhost:5173/@fs/Users/adamtimberlake/Webroot/ReactWayfinder/node_modules/.vite/deps/client-DN9gUMy_.js?v=4aff142b:7072:50)
    at commitDeletionEffectsOnFiber (http://localhost:5173/@fs/Users/adamtimberlake/Webroot/ReactWayfinder/node_modules/.vite/deps/client-DN9gUMy_.js?v=4aff142b:7133:6)
    at recursivelyTraverseDeletionEffects (http://localhost:5173/@fs/Users/adamtimberlake/Webroot/ReactWayfinder/node_modules/.vite/deps/client-DN9gUMy_.js?v=4aff142b:7072:50)
    at commitDeletionEffectsOnFiber (http://localhost:5173/@fs/Users/adamtimberlake/Webroot/ReactWayfinder/node_modules/.vite/deps/client-DN9gUMy_.js?v=4aff142b:7133:6)
    at recursivelyTraverseDeletionEffects (http://localhost:5173/@fs/Users/adamtimberlake/Webroot/ReactWayfinder/node_modules/.vite/deps/client-DN9gUMy_.js?v=4aff142b:7072:50)
[  113938ms] [WARNING] %s

%s
 An error occurred in the <div> component. Consider adding an error boundary to your tree to customize error handling behavior.
Visit https://react.dev/link/error-boundaries to learn more about error boundaries. @ http://localhost:5173/@vite/client:509
